core_cm7.h:1902:22:__NVIC_EnableIRQ	16	static
fsl_clock.h:893:20:CLOCK_ControlGate	32	static
fsl_clock.h:910:20:CLOCK_EnableClock	16	static
fsl_clock.h:920:20:CLOCK_DisableClock	16	static
fsl_common.h:747:28:EnableIRQ	24	static
fsl_lpuart.h:283:20:LPUART_SoftwareReset	16	static
fsl_lpuart.h:657:20:LPUART_WriteByte	16	static
fsl_lpuart.c:108:6:add_on_LPUART_Write_StringNonBlocking	24	static
fsl_lpuart.c:121:10:LPUART_GetInstance	24	static
fsl_lpuart.c:145:8:LPUART_TransferGetRxRingBufferLength	32	static
fsl_lpuart.c:166:13:LPUART_TransferIsRxRingBufferFull	24	static
fsl_lpuart.c:183:7:LPUART_WriteNonBlocking	32	static
fsl_lpuart.c:197:6:LPUART_ReadNonBlocking	40	static
fsl_lpuart.c:251:10:LPUART_Init	56	static
fsl_lpuart.c:463:6:LPUART_Deinit	24	static
fsl_lpuart.c:527:6:LPUART_GetDefaultConfig	16	static
fsl_lpuart.c:572:10:LPUART_SetBaudRate	56	static
fsl_lpuart.c:660:6:LPUART_Enable9bitMode	24	static
fsl_lpuart.c:694:6:LPUART_SendAddress	24	static
fsl_lpuart.c:716:6:LPUART_EnableInterrupts	16	static
fsl_lpuart.c:740:6:LPUART_DisableInterrupts	16	static
fsl_lpuart.c:771:10:LPUART_GetEnabledInterrupts	24	static
fsl_lpuart.c:800:10:LPUART_GetStatusFlags	24	static
fsl_lpuart.c:831:10:LPUART_ClearStatusFlags	24	static
fsl_lpuart.c:884:10:LPUART_WriteBlocking	32	static
fsl_lpuart.c:949:10:LPUART_ReadBlocking	48	static
fsl_lpuart.c:1068:6:LPUART_TransferCreateHandle	40	static
fsl_lpuart.c:1133:6:LPUART_TransferStartRingBuffer	24	static
fsl_lpuart.c:1160:6:LPUART_TransferStopRingBuffer	16	static
fsl_lpuart.c:1195:10:LPUART_TransferSendNonBlocking	32	static
fsl_lpuart.c:1234:6:LPUART_TransferAbortSend	16	static
fsl_lpuart.c:1257:10:LPUART_TransferGetSendCount	32	static
fsl_lpuart.c:1315:10:LPUART_TransferReceiveNonBlocking	56	static
fsl_lpuart.c:1442:6:LPUART_TransferAbortReceive	16	static
fsl_lpuart.c:1471:10:LPUART_TransferGetReceiveCount	32	static
fsl_lpuart.c:1499:6:LPUART_TransferHandleIRQ	48	static
fsl_lpuart.c:1734:6:LPUART_TransferHandleErrorIRQ	16	static
fsl_lpuart.c:1829:6:LPUART1_DriverIRQHandler	8	static
fsl_lpuart.c:1854:6:LPUART2_DriverIRQHandler	8	static
fsl_lpuart.c:1878:6:LPUART3_DriverIRQHandler	8	static
fsl_lpuart.c:1902:6:LPUART4_DriverIRQHandler	8	static
