core_cm7.h:1902:22:__NVIC_EnableIRQ	16	static
core_cm7.h:2032:22:__NVIC_SetPriority	16	static
fsl_clock.h:893:20:CLOCK_ControlGate	32	static
fsl_clock.h:910:20:CLOCK_EnableClock	16	static
fsl_common.h:747:28:EnableIRQ	24	static
fsl_iomuxc.h:443:20:IOMUXC_SetPinMux	24	static
fsl_iomuxc.h:475:20:IOMUXC_SetPinConfig	24	static
fsl_lpuart.h:657:20:LPUART_WriteByte	16	static
app.c:160:6:USB_OTG1_IRQHandler	8	static
app.c:165:6:USB_HostClockInit	16	static
app.c:178:6:USB_HostIsrEnable	16	static
app.c:195:6:USB_HostTaskFn	16	static
app.c:204:21:USB_HostEvent	32	static
app.c:255:13:USB_HostApplicationInit	16	static
app.c:276:6:BOARD_InitPins_UART4	16	static
app.c:296:6:initSeq_ARM	32	static
app.c:327:22:mapper_for_ARM	160	static
app.c:536:6:convert_pos_toString	40	static
app.c:569:6:save_sequence_dataStore	32	static
app.c:578:6:send_info_seq	8	static
app.c:591:6:init_COM	32	static
app.c:611:6:producer_fn	32	static
app.c:630:6:error_management	40	static
app.c:665:9:consumer_fn	40	static
app.c:704:9:control_arm_AL5D	32	static
app.c:718:5:main	32	static
