Archive member included to satisfy reference by file (symbol)

c:/nxp/mcuxpressoide_11.3.0_5222/ide/plugins/com.nxp.mcuxpresso.tools.win32_11.3.0.202008311133/tools/bin/../lib/gcc/arm-none-eabi/9.3.1/../../../../arm-none-eabi/lib/thumb/v7e-m+fp/hard\libcr_nohost_nf.a(_cr__main.o)
                              ./startup/startup_mimxrt1011.o (__main)
c:/nxp/mcuxpressoide_11.3.0_5222/ide/plugins/com.nxp.mcuxpresso.tools.win32_11.3.0.202008311133/tools/bin/../lib/gcc/arm-none-eabi/9.3.1/../../../../arm-none-eabi/lib/thumb/v7e-m+fp/hard\libcr_c.a(memcpy.o)
                              ./drivers/fsl_clock.o (memcpy)
c:/nxp/mcuxpressoide_11.3.0_5222/ide/plugins/com.nxp.mcuxpresso.tools.win32_11.3.0.202008311133/tools/bin/../lib/gcc/arm-none-eabi/9.3.1/../../../../arm-none-eabi/lib/thumb/v7e-m+fp/hard\libcr_c.a(memset.o)
                              ./source/app.o (memset)
c:/nxp/mcuxpressoide_11.3.0_5222/ide/plugins/com.nxp.mcuxpresso.tools.win32_11.3.0.202008311133/tools/bin/../lib/gcc/arm-none-eabi/9.3.1/../../../../arm-none-eabi/lib/thumb/v7e-m+fp/hard\libcr_c.a(alloc.o)
                              ./drivers/fsl_common.o (malloc)
c:/nxp/mcuxpressoide_11.3.0_5222/ide/plugins/com.nxp.mcuxpresso.tools.win32_11.3.0.202008311133/tools/bin/../lib/gcc/arm-none-eabi/9.3.1/../../../../arm-none-eabi/lib/thumb/v7e-m+fp/hard\libcr_c.a(initio.o)
                              c:/nxp/mcuxpressoide_11.3.0_5222/ide/plugins/com.nxp.mcuxpresso.tools.win32_11.3.0.202008311133/tools/bin/../lib/gcc/arm-none-eabi/9.3.1/../../../../arm-none-eabi/lib/thumb/v7e-m+fp/hard\libcr_nohost_nf.a(_cr__main.o) (_initio)
c:/nxp/mcuxpressoide_11.3.0_5222/ide/plugins/com.nxp.mcuxpresso.tools.win32_11.3.0.202008311133/tools/bin/../lib/gcc/arm-none-eabi/9.3.1/../../../../arm-none-eabi/lib/thumb/v7e-m+fp/hard\libcr_c.a(setvbuf.o)
                              c:/nxp/mcuxpressoide_11.3.0_5222/ide/plugins/com.nxp.mcuxpresso.tools.win32_11.3.0.202008311133/tools/bin/../lib/gcc/arm-none-eabi/9.3.1/../../../../arm-none-eabi/lib/thumb/v7e-m+fp/hard\libcr_c.a(initio.o) (setvbuf)
c:/nxp/mcuxpressoide_11.3.0_5222/ide/plugins/com.nxp.mcuxpresso.tools.win32_11.3.0.202008311133/tools/bin/../lib/gcc/arm-none-eabi/9.3.1/../../../../arm-none-eabi/lib/thumb/v7e-m+fp/hard\libcr_c.a(strlen.o)
                              ./utilities/fsl_debug_console.o (strlen)
c:/nxp/mcuxpressoide_11.3.0_5222/ide/plugins/com.nxp.mcuxpresso.tools.win32_11.3.0.202008311133/tools/bin/../lib/gcc/arm-none-eabi/9.3.1/../../../../arm-none-eabi/lib/thumb/v7e-m+fp/hard\libcr_c.a(__init_alloc.o)
                              c:/nxp/mcuxpressoide_11.3.0_5222/ide/plugins/com.nxp.mcuxpresso.tools.win32_11.3.0.202008311133/tools/bin/../lib/gcc/arm-none-eabi/9.3.1/../../../../arm-none-eabi/lib/thumb/v7e-m+fp/hard\libcr_c.a(alloc.o) (__heaps)
c:/nxp/mcuxpressoide_11.3.0_5222/ide/plugins/com.nxp.mcuxpresso.tools.win32_11.3.0.202008311133/tools/bin/../lib/gcc/arm-none-eabi/9.3.1/../../../../arm-none-eabi/lib/thumb/v7e-m+fp/hard\libcr_c.a(_cr_sbrk.o)
                              c:/nxp/mcuxpressoide_11.3.0_5222/ide/plugins/com.nxp.mcuxpresso.tools.win32_11.3.0.202008311133/tools/bin/../lib/gcc/arm-none-eabi/9.3.1/../../../../arm-none-eabi/lib/thumb/v7e-m+fp/hard\libcr_c.a(alloc.o) (_sbrk)
c:/nxp/mcuxpressoide_11.3.0_5222/ide/plugins/com.nxp.mcuxpresso.tools.win32_11.3.0.202008311133/tools/bin/../lib/gcc/arm-none-eabi/9.3.1/../../../../arm-none-eabi/lib/thumb/v7e-m+fp/hard\libcr_c.a(_fdopen.o)
                              c:/nxp/mcuxpressoide_11.3.0_5222/ide/plugins/com.nxp.mcuxpresso.tools.win32_11.3.0.202008311133/tools/bin/../lib/gcc/arm-none-eabi/9.3.1/../../../../arm-none-eabi/lib/thumb/v7e-m+fp/hard\libcr_c.a(initio.o) (_fdopen)
c:/nxp/mcuxpressoide_11.3.0_5222/ide/plugins/com.nxp.mcuxpresso.tools.win32_11.3.0.202008311133/tools/bin/../lib/gcc/arm-none-eabi/9.3.1/../../../../arm-none-eabi/lib/thumb/v7e-m+fp/hard\libcr_c.a(errno.o)
                              c:/nxp/mcuxpressoide_11.3.0_5222/ide/plugins/com.nxp.mcuxpresso.tools.win32_11.3.0.202008311133/tools/bin/../lib/gcc/arm-none-eabi/9.3.1/../../../../arm-none-eabi/lib/thumb/v7e-m+fp/hard\libcr_c.a(_cr_sbrk.o) (errno)
c:/nxp/mcuxpressoide_11.3.0_5222/ide/plugins/com.nxp.mcuxpresso.tools.win32_11.3.0.202008311133/tools/bin/../lib/gcc/arm-none-eabi/9.3.1/../../../../arm-none-eabi/lib/thumb/v7e-m+fp/hard\libcr_c.a(fclose.o)
                              c:/nxp/mcuxpressoide_11.3.0_5222/ide/plugins/com.nxp.mcuxpresso.tools.win32_11.3.0.202008311133/tools/bin/../lib/gcc/arm-none-eabi/9.3.1/../../../../arm-none-eabi/lib/thumb/v7e-m+fp/hard\libcr_c.a(initio.o) (fclose)
c:/nxp/mcuxpressoide_11.3.0_5222/ide/plugins/com.nxp.mcuxpresso.tools.win32_11.3.0.202008311133/tools/bin/../lib/gcc/arm-none-eabi/9.3.1/../../../../arm-none-eabi/lib/thumb/v7e-m+fp/hard\libcr_c.a(fflush.o)
[...]
Memory Configuration

Name             Origin             Length             Attributes
BOARD_FLASH      0x60000000         0x01000000         xr
SRAM_OC          0x20200000         0x00010000         xrw
NCACHE_REGION    0x20210000         0x00000000         xrw
SRAM_DTC         0x20000000         0x00008000         xrw
SRAM_ITC         0x00000000         0x00008000         xrw
*default*        0x00000000         0xffffffff

Linker script and memory map

LOAD ./xip/evkmimxrt1010_flexspi_nor_config.o
LOAD ./xip/fsl_flexspi_nor_boot.o
LOAD ./utilities/fsl_assert.o
LOAD ./utilities/fsl_debug_console.o
LOAD ./usb/phy/usb_phy.o
LOAD ./usb/host/class/usb_host_hid.o
LOAD ./usb/host/class/usb_host_hub.o
LOAD ./usb/host/class/usb_host_hub_app.o
LOAD ./usb/host/usb_host_devices.o
LOAD ./usb/host/usb_host_ehci.o
LOAD ./usb/host/usb_host_framework.o
LOAD ./usb/host/usb_host_hci.o
LOAD ./startup/startup_mimxrt1011.o
LOAD ./source/app.o
LOAD ./source/host_keyboard.o
LOAD ./source/host_mouse.o
LOAD ./source/semihost_hardfault.o
LOAD ./drivers/fsl_cache.o
LOAD ./drivers/fsl_clock.o
LOAD ./drivers/fsl_common.o
LOAD ./drivers/fsl_dmamux.o
LOAD ./drivers/fsl_edma.o
LOAD ./drivers/fsl_flexspi.o
LOAD ./drivers/fsl_flexspi_edma.o
LOAD ./drivers/fsl_gpio.o
LOAD ./drivers/fsl_lpuart.o
LOAD ./device/system_MIMXRT1011.o
LOAD ./component/uart/fsl_adapter_lpuart.o
LOAD ./component/osa/fsl_os_abstraction_bm.o
LOAD ./component/lists/fsl_component_generic_list.o
LOAD ./board/board.o
LOAD ./board/clock_config.o
LOAD ./board/pin_mux.o
START GROUP
LOAD c:/nxp/mcuxpressoide_11.3.0_5222/ide/plugins/com.nxp.mcuxpresso.tools.win32_11.3.0.202008311133/tools/bin/../lib/gcc/arm-none-eabi/9.3.1/../../../../arm-none-eabi/lib/thumb/v7e-m+fp/hard\libcr_nohost_nf.a
LOAD c:/nxp/mcuxpressoide_11.3.0_5222/ide/plugins/com.nxp.mcuxpresso.tools.win32_11.3.0.202008311133/tools/bin/../lib/gcc/arm-none-eabi/9.3.1/../../../../arm-none-eabi/lib/thumb/v7e-m+fp/hard\libcr_c.a
LOAD c:/nxp/mcuxpressoide_11.3.0_5222/ide/plugins/com.nxp.mcuxpresso.tools.win32_11.3.0.202008311133/tools/bin/../lib/gcc/arm-none-eabi/9.3.1/thumb/v7e-m+fp/hard\libcr_eabihelpers.a
LOAD c:/nxp/mcuxpressoide_11.3.0_5222/ide/plugins/com.nxp.mcuxpresso.tools.win32_11.3.0.202008311133/tools/bin/../lib/gcc/arm-none-eabi/9.3.1/thumb/v7e-m+fp/hard\libgcc.a
END GROUP
                0x60000000                __base_BOARD_FLASH = 0x60000000
                0x60000000                __base_Flash = 0x60000000
                0x61000000                __top_BOARD_FLASH = 0x61000000
                0x61000000                __top_Flash = 0x61000000
                0x20200000                __base_SRAM_OC = 0x20200000
                0x20200000                __base_RAM = 0x20200000
                0x20210000                __top_SRAM_OC = 0x20210000
                0x20210000                __top_RAM = 0x20210000
                0x20210000                __base_NCACHE_REGION = 0x20210000
                0x20210000                __base_RAM2 = 0x20210000
                0x20210000                __top_NCACHE_REGION = 0x20210000
                0x20210000                __top_RAM2 = 0x20210000
                0x20000000                __base_SRAM_DTC = 0x20000000
                0x20000000                __base_RAM3 = 0x20000000
                0x20008000                __top_SRAM_DTC = 0x20008000
                0x20008000                __top_RAM3 = 0x20008000
                0x00000000                __base_SRAM_ITC = 0x0
                0x00000000                __base_RAM4 = 0x0
                0x00008000                __top_SRAM_ITC = 0x8000
                0x00008000                __top_RAM4 = 0x8000

.boot_hdr       0x60000000     0x2000
 FILL mask 0xff
                0x00000400                . = 0x400
 *fill*         0x60000000      0x400 ff
                0x60000400                __boot_hdr_start__ = ABSOLUTE (.)
 *(SORT_BY_ALIGNMENT(.boot_hdr.conf))
 .boot_hdr.conf
                0x60000400      0x200 ./xip/evkmimxrt1010_flexspi_nor_config.o
                0x60000400                qspiflash_config
                0x00001000                . = 0x1000
 *fill*         0x60000600      0xa00 ff
 *(SORT_BY_ALIGNMENT(.boot_hdr.ivt))
 .boot_hdr.ivt  0x60001000       0x20 ./xip/fsl_flexspi_nor_boot.o
                0x60001000                image_vector_table
                0x00001020                . = 0x1020
 *(SORT_BY_ALIGNMENT(.boot_hdr.boot_data))
 .boot_hdr.boot_data
                0x60001020       0x10 ./xip/fsl_flexspi_nor_boot.o
                0x60001020                boot_data
                0x00001030                . = 0x1030
 *(SORT_BY_ALIGNMENT(.boot_hdr.dcd_data))
                0x60001030                __boot_hdr_end__ = ABSOLUTE (.)
                0x00002000                . = 0x2000
 *fill*         0x60001030      0xfd0 ff

.text           0x60002000     0xcc04
 FILL mask 0xff
                0x60002000                __vectors_start__ = ABSOLUTE (.)
 *(SORT_BY_ALIGNMENT(.isr_vector))
 .isr_vector    0x60002000      0x180 ./startup/startup_mimxrt1011.o
                0x60002000                g_pfnVectors
                0x60002000                __Vectors
                0x60002180                . = ALIGN (0x4)
                0x60002180                __section_table_start = .
                0x60002180                __data_section_table = .
                0x60002180        0x4 LONG 0x6000ec04 LOADADDR (.data)
                0x60002184        0x4 LONG 0x20200000 ADDR (.data)
                0x60002188        0x4 LONG 0x18 SIZEOF (.data)
                0x6000218c        0x4 LONG 0x6000ec04 LOADADDR (.data_RAM2)
                0x60002190        0x4 LONG 0x20210000 ADDR (.data_RAM2)
                0x60002194        0x4 LONG 0x0 SIZEOF (.data_RAM2)
                0x60002198        0x4 LONG 0x6000ec04 LOADADDR (.data_RAM3)
                0x6000219c        0x4 LONG 0x20000000 ADDR (.data_RAM3)
                0x600021a0        0x4 LONG 0x0 SIZEOF (.data_RAM3)
                0x600021a4        0x4 LONG 0x6000ec04 LOADADDR (.data_RAM4)
                0x600021a8        0x4 LONG 0x0 ADDR (.data_RAM4)
                0x600021ac        0x4 LONG 0x0 SIZEOF (.data_RAM4)
                0x600021b0                __data_section_table_end = .
                0x600021b0                __bss_section_table = .
                0x600021b0        0x4 LONG 0x20200018 ADDR (.bss)
                0x600021b4        0x4 LONG 0xba0 SIZEOF (.bss)
                0x600021b8        0x4 LONG 0x20210000 ADDR (.bss_RAM2)
                0x600021bc        0x4 LONG 0x0 SIZEOF (.bss_RAM2)
                0x600021c0        0x4 LONG 0x20000000 ADDR (.bss_RAM3)
                0x600021c4        0x4 LONG 0x17d0 SIZEOF (.bss_RAM3)
                0x600021c8        0x4 LONG 0x0 ADDR (.bss_RAM4)
                0x600021cc        0x4 LONG 0x0 SIZEOF (.bss_RAM4)
                0x600021d0                __bss_section_table_end = .
                0x600021d0                __section_table_end = .
 *(SORT_BY_ALIGNMENT(.after_vectors*))
 .after_vectors.reset
                0x600021d0       0x58 ./startup/startup_mimxrt1011.o
                0x600021d0                ResetISR
 .after_vectors.init_data
                0x60002228       0x1e ./startup/startup_mimxrt1011.o
                0x60002228                data_init
 .after_vectors.init_bss
                0x60002246       0x12 ./startup/startup_mimxrt1011.o
                0x60002246                bss_init
 .after_vectors
                0x60002258       0x14 ./startup/startup_mimxrt1011.o
                0x60002258                NMI_Handler
                0x6000225c                MemManage_Handler
                0x6000225e                BusFault_Handler
                0x60002260                UsageFault_Handler
                0x60002262                SVC_Handler
                0x60002264                DebugMon_Handler
                0x60002266                PendSV_Handler
                0x60002268                SysTick_Handler
                0x6000226a                SPDIF_DriverIRQHandler
                0x6000226a                FLEXRAM_DriverIRQHandler
                0x6000226a                PIT_DriverIRQHandler
                0x6000226a                ADC_ETC_IRQ3_DriverIRQHandler
                0x6000226a                USB_PHY_DriverIRQHandler
                0x6000226a                GPR_IRQ_DriverIRQHandler
                0x6000226a                TRNG_DriverIRQHandler
                0x6000226a                SAI3_RX_DriverIRQHandler
                0x6000226a                IntDefaultHandler
                0x6000226a                SRC_DriverIRQHandler
                0x6000226a                EWM_DriverIRQHandler
                0x6000226a                WDOG1_DriverIRQHandler
                0x6000226a                FLEXIO1_DriverIRQHandler
                0x6000226a                CCM_2_DriverIRQHandler
                0x6000226a                GPIO1_Combined_16_31_DriverIRQHandler
                0x6000226a                SAI1_DriverIRQHandler
                0x6000226a                DCDC_DriverIRQHandler
                0x6000226a                ADC_ETC_ERROR_IRQ_DriverIRQHandler
                0x6000226a                GPIO5_Combined_0_15_DriverIRQHandler
                0x6000226a                RTWDOG_DriverIRQHandler
                0x6000226a                GPT2_DriverIRQHandler
                0x6000226a                PWM1_1_DriverIRQHandler
                0x6000226a                Reserved71_DriverIRQHandler
                0x6000226a                ADC1_DriverIRQHandler
                0x6000226a                PWM1_0_DriverIRQHandler
                0x6000226a                DCP_DriverIRQHandler
                0x6000226a                CTI0_ERROR_DriverIRQHandler
                0x6000226a                GPT1_DriverIRQHandler
                0x6000226a                CSU_DriverIRQHandler
                0x6000226a                CTI1_ERROR_DriverIRQHandler
                0x6000226a                GPIO1_Combined_0_15_DriverIRQHandler
                0x6000226a                LPSPI2_DriverIRQHandler
                0x6000226a                CORE_DriverIRQHandler
                0x6000226a                ADC_ETC_IRQ2_DriverIRQHandler
                0x6000226a                SNVS_HP_WRAPPER_TZ_DriverIRQHandler
                0x6000226a                PWM1_FAULT_DriverIRQHandler
                0x6000226a                LPI2C1_DriverIRQHandler
                0x6000226a                SNVS_HP_WRAPPER_DriverIRQHandler
                0x6000226a                ADC_ETC_IRQ1_DriverIRQHandler
                0x6000226a                LPSPI1_DriverIRQHandler
                0x6000226a                DCP_VMI_DriverIRQHandler
                0x6000226a                GPC_DriverIRQHandler
                0x6000226a                GPIO2_Combined_0_15_DriverIRQHandler
                0x6000226a                PWM1_2_DriverIRQHandler
                0x6000226a                USB_OTG1_DriverIRQHandler
                0x6000226a                TEMP_LOW_HIGH_DriverIRQHandler
                0x6000226a                SAI3_TX_DriverIRQHandler
                0x6000226a                WDOG2_DriverIRQHandler
                0x6000226a                Reserved68_DriverIRQHandler
                0x6000226a                PMU_DriverIRQHandler
                0x6000226a                CCM_1_DriverIRQHandler
                0x6000226a                TEMP_PANIC_DriverIRQHandler
                0x6000226a                KPP_DriverIRQHandler
                0x6000226a                PWM1_3_DriverIRQHandler
                0x6000226a                Reserved70_DriverIRQHandler
                0x6000226a                LPI2C2_DriverIRQHandler
                0x6000226a                DMA_ERROR_DriverIRQHandler
                0x6000226a                ADC_ETC_IRQ0_DriverIRQHandler
                0x6000226a                XBAR1_IRQ_0_1_2_3_DriverIRQHandler
                0x6000226a                SNVS_LP_WRAPPER_DriverIRQHandler
 *(SORT_BY_ALIGNMENT(.text*))
 .text.__assertion_failed
                0x6000226c       0x18 ./utilities/fsl_assert.o
                0x6000226c                __assertion_failed
 .text.DbgConsole_Init
                0x60002284       0x74 ./utilities/fsl_debug_console.o
                0x60002284                DbgConsole_Init
 .text.DbgConsole_Printf
                0x600022f8       0x40 ./utilities/fsl_debug_console.o
                0x600022f8                DbgConsole_Printf
 .text.DbgConsole_Putchar
                0x60002338       0x30 ./utilities/fsl_debug_console.o
                0x60002338                DbgConsole_Putchar
 .text.DbgConsole_PrintfFormattedData
                0x60002368      0x3bc ./utilities/fsl_debug_console.o
 .text.USB_EhciPhyGetBase
                0x60002724       0xdc ./usb/phy/usb_phy.o
                0x60002724                USB_EhciPhyGetBase
 .text.USB_EhciPhyInit
                0x60002800       0xc8 ./usb/phy/usb_phy.o
                0x60002800                USB_EhciPhyInit
 .text.USB_HostHidSetInterface
                0x600028c8      0x148 ./usb/host/class/usb_host_hid.o
                0x600028c8                USB_HostHidSetInterface
 .text.USB_HostHidRecv
                0x60002a10       0x9c ./usb/host/class/usb_host_hid.o
                0x60002a10                USB_HostHidRecv
 .text.USB_HostHidControl
                0x60002aac       0xe0 ./usb/host/class/usb_host_hid.o
 .text.USB_HostHubClassRequestCommon
                0x60002b8c       0xcc ./usb/host/class/usb_host_hub.o
 .text.USB_HostHubInterruptRecv
                0x60002c58       0x94 ./usb/host/class/usb_host_hub.o
                0x60002c58                USB_HostHubInterruptRecv
 .text.USB_HostHubGetHubList
                0x60002cec       0x1c ./usb/host/class/usb_host_hub_app.o
 .text.USB_HostHubGetInterruptStatus
                0x60002d08       0x5c ./usb/host/class/usb_host_hub_app.o
 .text.USB_HostHubProcess
                0x60002d64      0x2e0 ./usb/host/class/usb_host_hub_app.o
 .text.USB_HostHubProcessPortAttach
                0x60003044      0x454 ./usb/host/class/usb_host_hub_app.o
 .text.USB_HostHubProcessPortDetach
                0x60003498      0x264 ./usb/host/class/usb_host_hub_app.o
 .text.USB_HostHubProcessData
                0x600036fc      0x110 ./usb/host/class/usb_host_hub_app.o
 .text.USB_HostHubDeviceEvent
                0x6000380c      0x35c ./usb/host/class/usb_host_hub_app.o
                0x6000380c                USB_HostHubDeviceEvent
 .text.USB_HostEnumerationTransferCallback
                0x60003b68      0x194 ./usb/host/usb_host_devices.o
 .text.USB_HostProcessState
                0x60003cfc      0x1f8 ./usb/host/usb_host_devices.o
 .text.USB_HostProcessCallback
                0x60003ef4      0x208 ./usb/host/usb_host_devices.o
 .text.USB_HostOpenDeviceInterface
                0x600040fc       0xf4 ./usb/host/usb_host_devices.o
                0x600040fc                USB_HostOpenDeviceInterface
 .text.USB_HostCloseDeviceInterface
                0x600041f0      0x160 ./usb/host/usb_host_devices.o
                0x600041f0                USB_HostCloseDeviceInterface
 .text.USB_HostBandwidthComputeTime
                0x60004350      0x128 ./usb/host/usb_host_ehci.o
 .text.USB_HostBandwidthHsHostComputeCurrentFsls
                0x60004478      0x1e4 ./usb/host/usb_host_ehci.o
 .text.USB_HostBandwidthHsHostAllocateHsCommon
                0x6000465c       0xf0 ./usb/host/usb_host_ehci.o
 .text.USB_HostBandwidthHsHostAllocateInterrupt
                0x6000474c      0x408 ./usb/host/usb_host_ehci.o
 .text.USB_HostBandwidthFslsHostAllocate
                0x60004b54      0x114 ./usb/host/usb_host_ehci.o
 .text.USB_HostEhciQhQtdListInit
                0x60004c68      0x3a4 ./usb/host/usb_host_ehci.o
 .text.USB_HostEhciStartIP
                0x6000500c       0xb8 ./usb/host/usb_host_ehci.o
 .text.USB_HostEhciControlBus
                0x600050c4       0xd4 ./usb/host/usb_host_ehci.o
 .text.USB_HostEhciCreate
                0x60005198      0x2e4 ./usb/host/usb_host_ehci.o
                0x60005198                USB_HostEhciCreate
 .text.USB_HostEhciDestory
                0x6000547c       0x5c ./usb/host/usb_host_ehci.o
                0x6000547c                USB_HostEhciDestory
 .text.USB_HostEhciIoctl
                0x600054d8      0x148 ./usb/host/usb_host_ehci.o
                0x600054d8                USB_HostEhciIoctl
 .text.USB_HostEhciIsrFunction
                0x60005620       0xc8 ./usb/host/usb_host_ehci.o
                0x60005620                USB_HostEhciIsrFunction
 .text.USB_HostGetInstance
                0x600056e8       0xf4 ./usb/host/usb_host_hci.o
 .text.USB_HostGetControllerInterface
                0x600057dc       0x30 ./usb/host/usb_host_hci.o
 .text.USB_HostHelperGetPeripheralInformation
                0x6000580c      0x188 ./usb/host/usb_host_hci.o
                0x6000580c                USB_HostHelperGetPeripheralInformation
 .text.__NVIC_EnableIRQ
                0x60005994       0x3c ./source/app.o
 .text.__NVIC_SetPriority
                0x600059d0       0x54 ./source/app.o
 .text.CLOCK_ControlGate
                0x60005a24       0x64 ./source/app.o
 .text.USB_OTG1_IRQHandler
                0x60005a88       0x18 ./source/app.o
                0x60005a88                USB_OTG1_IRQHandler
 .text.USB_HostClockInit
                0x60005aa0       0x48 ./source/app.o
                0x60005aa0                USB_HostClockInit
 .text.USB_HostEvent
                0x60005ae8       0xf0 ./source/app.o
 .text.USB_HostApplicationInit
                0x60005bd8       0x4c ./source/app.o
 .text.BOARD_InitPins_UART4
                0x60005c24       0x80 ./source/app.o
                0x60005c24                BOARD_InitPins_UART4
 .text.initSeq_ARM
                0x60005ca4       0xe0 ./source/app.o
                0x60005ca4                initSeq_ARM
 .text.mapper_for_ARM
                0x60005d84      0x4f4 ./source/app.o
                0x60005d84                mapper_for_ARM
 .text.convert_pos_toString
                0x60006278      0x104 ./source/app.o
                0x60006278                convert_pos_toString
 .text.save_sequence_dataStore
                0x6000637c       0x64 ./source/app.o
                0x6000637c                save_sequence_dataStore
 .text.send_info_seq
                0x600063e0       0x50 ./source/app.o
                0x600063e0                send_info_seq
 .text.producer_fn
                0x60006430       0x5c ./source/app.o
                0x60006430                producer_fn
 .text.error_management
                0x6000648c       0x9c ./source/app.o
                0x6000648c                error_management
 .text.consumer_fn
                0x60006528      0x118 ./source/app.o
                0x60006528                consumer_fn
 .text.control_arm_AL5D
                0x60006640       0x60 ./source/app.o
                0x60006640                control_arm_AL5D
 .text.main     0x600066a0       0xb4 ./source/app.o
                0x600066a0                main
 .text.ADD_ON_AllocateVar
                0x60006754       0x24 ./source/host_keyboard.o
                0x60006754                ADD_ON_AllocateVar
 .text.ADD_ON_UpdateVar
                0x60006778       0x54 ./source/host_keyboard.o
                0x60006778                ADD_ON_UpdateVar
 .text.USB_HostHidKeyboardTask
                0x600067cc      0x3b8 ./source/host_keyboard.o
                0x600067cc                USB_HostHidKeyboardTask
 .text.USB_HostHidKeyboardEvent
                0x60006b84      0x19c ./source/host_keyboard.o
                0x60006b84                USB_HostHidKeyboardEvent
 .text.USB_HostMouseProcessBuffer
                0x60006d20      0x124 ./source/host_mouse.o
 .text.USB_HostHidMouseTask
                0x60006e44      0x334 ./source/host_mouse.o
                0x60006e44                USB_HostHidMouseTask
 .text.USB_HostHidMouseEvent
                0x60007178      0x19c ./source/host_mouse.o
                0x60007178                USB_HostHidMouseEvent
 .text.CLOCK_GetOscFreq
                0x60007314       0x30 ./drivers/fsl_clock.o
 .text.CLOCK_InitExternalClk
                0x60007344       0x6c ./drivers/fsl_clock.o
                0x60007344                CLOCK_InitExternalClk
 .text.CLOCK_SwitchOsc
                0x600073b0       0x34 ./drivers/fsl_clock.o
                0x600073b0                CLOCK_SwitchOsc
 .text.CLOCK_InitRcOsc24M
                0x600073e4       0x24 ./drivers/fsl_clock.o
                0x600073e4                CLOCK_InitRcOsc24M
 .text.CLOCK_EnableUsbhs0Clock
                0x60007408       0x7c ./drivers/fsl_clock.o
                0x60007408                CLOCK_EnableUsbhs0Clock
 .text.CLOCK_EnableUsbhs0PhyPllClock
                0x60007484       0x70 ./drivers/fsl_clock.o
                0x60007484                CLOCK_EnableUsbhs0PhyPllClock
 .text.CLOCK_InitSysPll
                0x600074f4       0x9c ./drivers/fsl_clock.o
                0x600074f4                CLOCK_InitSysPll
 .text.CLOCK_InitUsb1Pll
                0x60007590       0x68 ./drivers/fsl_clock.o
                0x60007590                CLOCK_InitUsb1Pll
 .text.CLOCK_DeinitAudioPll
                0x600075f8       0x1c ./drivers/fsl_clock.o
                0x600075f8                CLOCK_DeinitAudioPll
 .text.CLOCK_InitEnetPll
                0x60007614       0x7c ./drivers/fsl_clock.o
                0x60007614                CLOCK_InitEnetPll
 .text.CLOCK_GetPllFreq
                0x60007690      0x1e8 ./drivers/fsl_clock.o
                0x60007690                CLOCK_GetPllFreq
 .text.CLOCK_InitSysPfd
                0x60007878       0x64 ./drivers/fsl_clock.o
                0x60007878                CLOCK_InitSysPfd
 .text.EDMA_HandleIRQ
                0x600078dc      0x180 ./drivers/fsl_edma.o
                0x600078dc                EDMA_HandleIRQ
 .text.DMA0_DriverIRQHandler
                0x60007a5c       0x1c ./drivers/fsl_edma.o
                0x60007a5c                DMA0_DriverIRQHandler
 .text.DMA1_DriverIRQHandler
                0x60007a78       0x1c ./drivers/fsl_edma.o
                0x60007a78                DMA1_DriverIRQHandler
 .text.DMA2_DriverIRQHandler
                0x60007a94       0x1c ./drivers/fsl_edma.o
                0x60007a94                DMA2_DriverIRQHandler
 .text.DMA3_DriverIRQHandler
                0x60007ab0       0x1c ./drivers/fsl_edma.o
                0x60007ab0                DMA3_DriverIRQHandler
 .text.DMA4_DriverIRQHandler
                0x60007acc       0x1c ./drivers/fsl_edma.o
                0x60007acc                DMA4_DriverIRQHandler
 .text.DMA5_DriverIRQHandler
                0x60007ae8       0x1c ./drivers/fsl_edma.o
                0x60007ae8                DMA5_DriverIRQHandler
 .text.DMA6_DriverIRQHandler
                0x60007b04       0x1c ./drivers/fsl_edma.o
                0x60007b04                DMA6_DriverIRQHandler
 .text.DMA7_DriverIRQHandler
                0x60007b20       0x1c ./drivers/fsl_edma.o
                0x60007b20                DMA7_DriverIRQHandler
 .text.DMA8_DriverIRQHandler
                0x60007b3c       0x1c ./drivers/fsl_edma.o
                0x60007b3c                DMA8_DriverIRQHandler
 .text.DMA9_DriverIRQHandler
                0x60007b58       0x1c ./drivers/fsl_edma.o
                0x60007b58                DMA9_DriverIRQHandler
 .text.DMA10_DriverIRQHandler
                0x60007b74       0x1c ./drivers/fsl_edma.o
                0x60007b74                DMA10_DriverIRQHandler
 .text.DMA11_DriverIRQHandler
                0x60007b90       0x1c ./drivers/fsl_edma.o
                0x60007b90                DMA11_DriverIRQHandler
 .text.DMA12_DriverIRQHandler
                0x60007bac       0x1c ./drivers/fsl_edma.o
                0x60007bac                DMA12_DriverIRQHandler
 .text.DMA13_DriverIRQHandler
                0x60007bc8       0x1c ./drivers/fsl_edma.o
                0x60007bc8                DMA13_DriverIRQHandler
 .text.DMA14_DriverIRQHandler
                0x60007be4       0x1c ./drivers/fsl_edma.o
                0x60007be4                DMA14_DriverIRQHandler
 .text.DMA15_DriverIRQHandler
                0x60007c00       0x1c ./drivers/fsl_edma.o
                0x60007c00                DMA15_DriverIRQHandler
 .text.FLEXSPI_DriverIRQHandler
                0x60007c1c       0x28 ./drivers/fsl_flexspi.o
                0x60007c1c                FLEXSPI_DriverIRQHandler
 .text.CLOCK_ControlGate
                0x60007c44       0x64 ./drivers/fsl_lpuart.o
 .text.LPUART_GetInstance
                0x60007ca8       0x4c ./drivers/fsl_lpuart.o
                0x60007ca8                LPUART_GetInstance
 .text.LPUART_Init
                0x60007cf4      0x310 ./drivers/fsl_lpuart.o
                0x60007cf4                LPUART_Init
 .text.LPUART_GetDefaultConfig
                0x60008004       0x88 ./drivers/fsl_lpuart.o
                0x60008004                LPUART_GetDefaultConfig
 .text.LPUART_ClearStatusFlags
                0x6000808c       0xa4 ./drivers/fsl_lpuart.o
                0x6000808c                LPUART_ClearStatusFlags
 .text.LPUART_WriteBlocking
                0x60008130       0x68 ./drivers/fsl_lpuart.o
                0x60008130                LPUART_WriteBlocking
 .text.LPUART_ReadBlocking
                0x60008198      0x160 ./drivers/fsl_lpuart.o
                0x60008198                LPUART_ReadBlocking
 .text.LPUART1_DriverIRQHandler
                0x600082f8       0x28 ./drivers/fsl_lpuart.o
                0x600082f8                LPUART1_DriverIRQHandler
 .text.LPUART2_DriverIRQHandler
                0x60008320       0x28 ./drivers/fsl_lpuart.o
                0x60008320                LPUART2_DriverIRQHandler
 .text.LPUART3_DriverIRQHandler
                0x60008348       0x28 ./drivers/fsl_lpuart.o
                0x60008348                LPUART3_DriverIRQHandler
 .text.LPUART4_DriverIRQHandler
                0x60008370       0x28 ./drivers/fsl_lpuart.o
                0x60008370                LPUART4_DriverIRQHandler
 .text.SystemInit
                0x60008398      0x1d8 ./device/system_MIMXRT1011.o
                0x60008398                SystemInit
 .text.HAL_UartInit
                0x60008570      0x100 ./component/uart/fsl_adapter_lpuart.o
                0x60008570                HAL_UartInit
 .text.HAL_UartReceiveBlocking
                0x60008670       0x6c ./component/uart/fsl_adapter_lpuart.o
                0x60008670                HAL_UartReceiveBlocking
 .text.HAL_UartSendBlocking
                0x600086dc       0x64 ./component/uart/fsl_adapter_lpuart.o
                0x600086dc                HAL_UartSendBlocking
 .text.OSA_MutexCreate
                0x60008740       0x40 ./component/osa/fsl_os_abstraction_bm.o
                0x60008740                OSA_MutexCreate
 .text.OSA_MutexUnlock
                0x60008780       0x40 ./component/osa/fsl_os_abstraction_bm.o
                0x60008780                OSA_MutexUnlock
 .text.OSA_MutexDestroy
                0x600087c0       0x30 ./component/osa/fsl_os_abstraction_bm.o
                0x600087c0                OSA_MutexDestroy
 .text.OSA_EventCreate
                0x600087f0       0x48 ./component/osa/fsl_os_abstraction_bm.o
                0x600087f0                OSA_EventCreate
 .text.OSA_EventDestroy
                0x60008838       0x30 ./component/osa/fsl_os_abstraction_bm.o
                0x60008838                OSA_EventDestroy
 .text.ARM_MPU_Enable
                0x60008868       0x40 ./board/board.o
 .text.ARM_MPU_Disable
                0x600088a8       0x34 ./board/board.o
 .text.CLOCK_GetMux
                0x600088dc       0x44 ./board/board.o
 .text.CLOCK_GetDiv
                0x60008920       0x44 ./board/board.o
 .text.CLOCK_GetOscFreq
                0x60008964       0x30 ./board/board.o
 .text.BOARD_DebugConsoleSrcFreq
                0x60008994       0x64 ./board/board.o
                0x60008994                BOARD_DebugConsoleSrcFreq
 .text.BOARD_ConfigMPU
                0x600089f8      0x2e4 ./board/board.o
                0x600089f8                BOARD_ConfigMPU
 .text.SystemInitHook
                0x60008cdc       0x20 ./board/board.o
                0x60008cdc                SystemInitHook
 .text.CLOCK_SetMux
                0x60008cfc       0x9c ./board/clock_config.o
 .text.CLOCK_SetDiv
                0x60008d98       0x9c ./board/clock_config.o
 .text.CLOCK_ControlGate
                0x60008e34       0x64 ./board/clock_config.o
 .text.CLOCK_SetXtalFreq
                0x60008e98       0x20 ./board/clock_config.o
 .text.CLOCK_SetRtcXtalFreq
                0x60008eb8       0x20 ./board/clock_config.o
 .text.IOMUXC_MQSConfig
                0x60008ed8       0x44 ./board/clock_config.o
 .text.BOARD_BootClockRUN
                0x60008f1c      0x3c0 ./board/clock_config.o
                0x60008f1c                BOARD_BootClockRUN
 .text.CLOCK_ControlGate
                0x600092dc       0x64 ./board/pin_mux.o
 .text.BOARD_InitPins
                0x60009340      0x238 ./board/pin_mux.o
                0x60009340                BOARD_InitPins
 .text.malloc   0x60009578       0xc8 c:/nxp/mcuxpressoide_11.3.0_5222/ide/plugins/com.nxp.mcuxpresso.tools.win32_11.3.0.202008311133/tools/bin/../lib/gcc/arm-none-eabi/9.3.1/../../../../arm-none-eabi/lib/thumb/v7e-m+fp/hard\libcr_c.a(alloc.o)
                0x60009578                malloc
 .text._initio  0x60009640       0x78 c:/nxp/mcuxpressoide_11.3.0_5222/ide/plugins/com.nxp.mcuxpresso.tools.win32_11.3.0.202008311133/tools/bin/../lib/gcc/arm-none-eabi/9.3.1/../../../../arm-none-eabi/lib/thumb/v7e-m+fp/hard\libcr_c.a(initio.o)
                0x60009640                _initio
 .text._sbrk    0x600096b8       0x3c c:/nxp/mcuxpressoide_11.3.0_5222/ide/plugins/com.nxp.mcuxpresso.tools.win32_11.3.0.202008311133/tools/bin/../lib/gcc/arm-none-eabi/9.3.1/../../../../arm-none-eabi/lib/thumb/v7e-m+fp/hard\libcr_c.a(_cr_sbrk.o)
                0x600096b8                _sbrk
 .text.fflush   0x600096f4       0x44 c:/nxp/mcuxpressoide_11.3.0_5222/ide/plugins/com.nxp.mcuxpresso.tools.win32_11.3.0.202008311133/tools/bin/../lib/gcc/arm-none-eabi/9.3.1/../../../../arm-none-eabi/lib/thumb/v7e-m+fp/hard\libcr_c.a(fflush.o)
                0x600096f4                fflush
 .text.fseek    0x60009738      0x100 c:/nxp/mcuxpressoide_11.3.0_5222/ide/plugins/com.nxp.mcuxpresso.tools.win32_11.3.0.202008311133/tools/bin/../lib/gcc/arm-none-eabi/9.3.1/../../../../arm-none-eabi/lib/thumb/v7e-m+fp/hard\libcr_c.a(fseek.o)
                0x60009738                fseek
 .text.ftell    0x60009838       0x44 c:/nxp/mcuxpressoide_11.3.0_5222/ide/plugins/com.nxp.mcuxpresso.tools.win32_11.3.0.202008311133/tools/bin/../lib/gcc/arm-none-eabi/9.3.1/../../../../arm-none-eabi/lib/thumb/v7e-m+fp/hard\libcr_c.a(ftell.o)
                0x60009838                ftell
 .text.__check_heap_overflow
                0x6000987c       0x18 c:/nxp/mcuxpressoide_11.3.0_5222/ide/plugins/com.nxp.mcuxpresso.tools.win32_11.3.0.202008311133/tools/bin/../lib/gcc/arm-none-eabi/9.3.1/../../../../arm-none-eabi/lib/thumb/v7e-m+fp/hard\libcr_c.a(_cr_check_heap.o)
                0x6000987c                __check_heap_overflow
 .text._Cwritebuf
                0x60009894       0x6c c:/nxp/mcuxpressoide_11.3.0_5222/ide/plugins/com.nxp.mcuxpresso.tools.win32_11.3.0.202008311133/tools/bin/../lib/gcc/arm-none-eabi/9.3.1/../../../../arm-none-eabi/lib/thumb/v7e-m+fp/hard\libcr_c.a(_writebuf.o)
                0x60009894                _Cwritebuf
 .text.DbgConsole_PrintfPaddingCharacter
                0x60009900       0x40 ./utilities/fsl_debug_console.o
 .text.DbgConsole_ConvertRadixNumToString
                0x60009940      0x110 ./utilities/fsl_debug_console.o
 .text.USB_EhcihostPhyDisconnectDetectCmd
                0x60009a50       0x4a ./usb/phy/usb_phy.o
                0x60009a50                USB_EhcihostPhyDisconnectDetectCmd
 .text.USB_HostHidInPipeCallback
                0x60009a9a       0x42 ./usb/host/class/usb_host_hid.o
 .text.USB_HostHidControlCallback
                0x60009adc       0x48 ./usb/host/class/usb_host_hid.o
 .text.USB_HostHidOpenInterface
                0x60009b24      0x1a0 ./usb/host/class/usb_host_hid.o
 .text.USB_HostHidSetInterfaceCallback
                0x60009cc4       0x54 ./usb/host/class/usb_host_hid.o
 .text.USB_HostHidInit
                0x60009d18       0x68 ./usb/host/class/usb_host_hid.o
                0x60009d18                USB_HostHidInit
 .text.USB_HostHidDeinit
                0x60009d80       0xd6 ./usb/host/class/usb_host_hid.o
                0x60009d80                USB_HostHidDeinit
 .text.USB_HostHidGetPacketsize
                0x60009e56       0x44 ./usb/host/class/usb_host_hid.o
                0x60009e56                USB_HostHidGetPacketsize
 .text.USB_HostHidGetReportDescriptor
                0x60009e9a       0x3a ./usb/host/class/usb_host_hid.o
                0x60009e9a                USB_HostHidGetReportDescriptor
 .text.USB_HostHidSetIdle
                0x60009ed4       0x3e ./usb/host/class/usb_host_hid.o
                0x60009ed4                USB_HostHidSetIdle
 .text.USB_HostHidSetProtocol
                0x60009f12       0x3c ./usb/host/class/usb_host_hid.o
                0x60009f12                USB_HostHidSetProtocol
 .text.USB_HostHubControlCallback
                0x60009f4e       0x48 ./usb/host/class/usb_host_hub.o
 .text.USB_HostHubInPipeCallback
                0x60009f96       0x42 ./usb/host/class/usb_host_hub.o
 .text.USB_HostHubInit
                0x60009fd8       0x80 ./usb/host/class/usb_host_hub.o
                0x60009fd8                USB_HostHubInit
 .text.USB_HostHubSetInterface
                0x6000a058      0x168 ./usb/host/class/usb_host_hub.o
                0x6000a058                USB_HostHubSetInterface
 .text.USB_HostHubDeinit
                0x6000a1c0       0xa4 ./usb/host/class/usb_host_hub.o
                0x6000a1c0                USB_HostHubDeinit
 .text.USB_HostHubGetDescriptor
                0x6000a264       0x3a ./usb/host/class/usb_host_hub.o
                0x6000a264                USB_HostHubGetDescriptor
 .text.USB_HostHubClearFeature
                0x6000a29e       0x3e ./usb/host/class/usb_host_hub.o
                0x6000a29e                USB_HostHubClearFeature
 .text.USB_HostHubGetStatus
                0x6000a2dc       0x3a ./usb/host/class/usb_host_hub.o
                0x6000a2dc                USB_HostHubGetStatus
 .text.USB_HostHubSetPortFeature
                0x6000a316       0x42 ./usb/host/class/usb_host_hub.o
                0x6000a316                USB_HostHubSetPortFeature
 .text.USB_HostHubClearPortFeature
                0x6000a358       0x42 ./usb/host/class/usb_host_hub.o
                0x6000a358                USB_HostHubClearPortFeature
 .text.USB_HostHubGetPortStatus
                0x6000a39a       0x40 ./usb/host/class/usb_host_hub.o
                0x6000a39a                USB_HostHubGetPortStatus
 .text.USB_HostHubProcessPort
                0x6000a3da       0x3e ./usb/host/class/usb_host_hub_app.o
 .text.USB_HostHubControlCallback
                0x6000a418       0x92 ./usb/host/class/usb_host_hub_app.o
 .text.USB_HostHubInterruptInCallback
                0x6000a4aa       0x70 ./usb/host/class/usb_host_hub_app.o
                0x6000a4aa                USB_HostHubInterruptInCallback
 .text.USB_HostHubGetHsHubNumber
                0x6000a51a       0x92 ./usb/host/class/usb_host_hub_app.o
                0x6000a51a                USB_HostHubGetHsHubNumber
 .text.USB_HostHubGetHsHubPort
                0x6000a5ac       0x9a ./usb/host/class/usb_host_hub_app.o
                0x6000a5ac                USB_HostHubGetHsHubPort
 .text.USB_HostHubGetTotalThinkTime
                0x6000a646       0x64 ./usb/host/class/usb_host_hub_app.o
                0x6000a646                USB_HostHubGetTotalThinkTime
 .text.USB_HostNotifyDevice
                0x6000a6aa       0xe6 ./usb/host/usb_host_devices.o
 .text.USB_HostAllocateDeviceAddress
                0x6000a790       0xa6 ./usb/host/usb_host_devices.o
 .text.USB_HostReleaseDeviceAddress
                0x6000a836       0x60 ./usb/host/usb_host_devices.o
 .text.USB_HostRemoveDeviceInstance
                0x6000a896       0x76 ./usb/host/usb_host_devices.o
 .text.USB_HostReleaseDeviceResource
                0x6000a90c       0xb6 ./usb/host/usb_host_devices.o
 .text.USB_HostParseDeviceConfigurationDescriptor
                0x6000a9c2      0x43c ./usb/host/usb_host_devices.o
 .text.USB_HostAttachDevice
                0x6000adfe      0x262 ./usb/host/usb_host_devices.o
                0x6000adfe                USB_HostAttachDevice
 .text.USB_HostDetachDevice
                0x6000b060       0x82 ./usb/host/usb_host_devices.o
                0x6000b060                USB_HostDetachDevice
 .text.USB_HostDetachDeviceInternal
                0x6000b0e2       0x80 ./usb/host/usb_host_devices.o
                0x6000b0e2                USB_HostDetachDeviceInternal
 .text.USB_HostValidateDevice
                0x6000b162       0x4a ./usb/host/usb_host_devices.o
                0x6000b162                USB_HostValidateDevice
 .text.USB_HostControlBus
                0x6000b1ac       0x3e ./usb/host/usb_host_devices.o
 .text.USB_HostBandwidthFslsHostComputeCurrent
                0x6000b1ea       0x78 ./usb/host/usb_host_ehci.o
 .text.USB_HostBandwidthHsHostComputeCurrentHsAll
                0x6000b262      0x1ae ./usb/host/usb_host_ehci.o
 .text.USB_HostEhciGet2PowerValue
                0x6000b410       0x88 ./usb/host/usb_host_ehci.o
 .text.USB_HostEhciZeroMem
                0x6000b498       0x32 ./usb/host/usb_host_ehci.o
 .text.USB_HostEhciDelay
                0x6000b4ca       0x4a ./usb/host/usb_host_ehci.o
 .text.USB_HostEhciStartAsync
                0x6000b514       0x80 ./usb/host/usb_host_ehci.o
 .text.USB_HostEhciStopAsync
                0x6000b594       0x66 ./usb/host/usb_host_ehci.o
 .text.USB_HostEhciStartPeriodic
                0x6000b5fa       0x92 ./usb/host/usb_host_ehci.o
 .text.USB_HostEhciStopPeriodic
                0x6000b68c       0x66 ./usb/host/usb_host_ehci.o
 .text.USB_HostEhciQtdListRelease
                0x6000b6f2       0xc4 ./usb/host/usb_host_ehci.o
 .text.USB_HostEhciQhQtdListDeinit
                0x6000b7b6      0x100 ./usb/host/usb_host_ehci.o
 .text.USB_HostEhciTransferQtdListDeinit
                0x6000b8b6      0x17e ./usb/host/usb_host_ehci.o
 .text.USB_HostEhciQhInit
                0x6000ba34      0x1d4 ./usb/host/usb_host_ehci.o
 .text.USB_HostEhciQhDeinit
                0x6000bc08       0x48 ./usb/host/usb_host_ehci.o
 .text.USB_HostEhciAddQhToFrame
                0x6000bc50       0x9e ./usb/host/usb_host_ehci.o
 .text.USB_HostEhciRemoveFromFrame
                0x6000bcee       0x62 ./usb/host/usb_host_ehci.o
 .text.USB_HostEhciOpenControlBulk
                0x6000bd50       0x42 ./usb/host/usb_host_ehci.o
 .text.USB_HostEhciCloseControlBulk
                0x6000bd92       0xcc ./usb/host/usb_host_ehci.o
 .text.USB_HostEhciOpenInterrupt
                0x6000be5e       0x8c ./usb/host/usb_host_ehci.o
 .text.USB_HostEhciCloseInterrupt
                0x6000beea       0x5e ./usb/host/usb_host_ehci.o
 .text.USB_HostEhciResetIP
                0x6000bf48       0x4e ./usb/host/usb_host_ehci.o
 .text.USB_HostEhciCancelPipe
                0x6000bf96       0x88 ./usb/host/usb_host_ehci.o
 .text.USB_HostEhciTransactionDone
                0x6000c01e      0x2d0 ./usb/host/usb_host_ehci.o
                0x6000c01e                USB_HostEhciTransactionDone
 .text.USB_HostEhciPortChange
                0x6000c2ee      0x1d0 ./usb/host/usb_host_ehci.o
 .text.USB_HostEhciTimer0
                0x6000c4be      0x1c2 ./usb/host/usb_host_ehci.o
 .text.USB_HostEhciOpenPipe
                0x6000c680      0x1ec ./usb/host/usb_host_ehci.o
                0x6000c680                USB_HostEhciOpenPipe
 .text.USB_HostEhciClosePipe
                0x6000c86c       0xd0 ./usb/host/usb_host_ehci.o
                0x6000c86c                USB_HostEhciClosePipe
 .text.USB_HostEhciWritePipe
                0x6000c93c       0x46 ./usb/host/usb_host_ehci.o
                0x6000c93c                USB_HostEhciWritePipe
 .text.USB_HostEhciReadpipe
                0x6000c982       0x20 ./usb/host/usb_host_ehci.o
                0x6000c982                USB_HostEhciReadpipe
 .text.USB_HostEhciTaskFunction
                0x6000c9a2       0xf2 ./usb/host/usb_host_ehci.o
                0x6000c9a2                USB_HostEhciTaskFunction
 .text.USB_HostCh9RequestCommon
                0x6000ca94       0x56 ./usb/host/usb_host_framework.o
                0x6000ca94                USB_HostCh9RequestCommon
 .text.USB_HostStandardSetAddress
                0x6000caea       0x32 ./usb/host/usb_host_framework.o
                0x6000caea                USB_HostStandardSetAddress
 .text.USB_HostStandardSetGetDescriptor
                0x6000cb1c       0x50 ./usb/host/usb_host_framework.o
                0x6000cb1c                USB_HostStandardSetGetDescriptor
 .text.USB_HostReleaseInstance
                0x6000cb6c       0x2a ./usb/host/usb_host_hci.o
 .text.USB_HostInit
                0x6000cb96      0x168 ./usb/host/usb_host_hci.o
                0x6000cb96                USB_HostInit
 .text.USB_HostOpenPipe
                0x6000ccfe       0x44 ./usb/host/usb_host_hci.o
                0x6000ccfe                USB_HostOpenPipe
 .text.USB_HostClosePipe
                0x6000cd42       0x42 ./usb/host/usb_host_hci.o
                0x6000cd42                USB_HostClosePipe
 .text.USB_HostSendSetup
                0x6000cd84       0x92 ./usb/host/usb_host_hci.o
                0x6000cd84                USB_HostSendSetup
 .text.USB_HostRecv
                0x6000ce16       0x6e ./usb/host/usb_host_hci.o
                0x6000ce16                USB_HostRecv
 .text.USB_HostCancelTransfer
                0x6000ce84       0x4e ./usb/host/usb_host_hci.o
                0x6000ce84                USB_HostCancelTransfer
 .text.USB_HostMallocTransfer
                0x6000ced2       0x74 ./usb/host/usb_host_hci.o
                0x6000ced2                USB_HostMallocTransfer
 .text.USB_HostFreeTransfer
                0x6000cf46       0x54 ./usb/host/usb_host_hci.o
                0x6000cf46                USB_HostFreeTransfer
 .text.DMA0_IRQHandler
                0x6000cf9a        0x8 ./startup/startup_mimxrt1011.o
                0x6000cf9a                DMA0_IRQHandler
 .text.DMA1_IRQHandler
                0x6000cfa2        0x8 ./startup/startup_mimxrt1011.o
                0x6000cfa2                DMA1_IRQHandler
 .text.DMA2_IRQHandler
                0x6000cfaa        0x8 ./startup/startup_mimxrt1011.o
                0x6000cfaa                DMA2_IRQHandler
 .text.DMA3_IRQHandler
                0x6000cfb2        0x8 ./startup/startup_mimxrt1011.o
                0x6000cfb2                DMA3_IRQHandler
 .text.DMA4_IRQHandler
                0x6000cfba        0x8 ./startup/startup_mimxrt1011.o
                0x6000cfba                DMA4_IRQHandler
 .text.DMA5_IRQHandler
                0x6000cfc2        0x8 ./startup/startup_mimxrt1011.o
                0x6000cfc2                DMA5_IRQHandler
 .text.DMA6_IRQHandler
                0x6000cfca        0x8 ./startup/startup_mimxrt1011.o
                0x6000cfca                DMA6_IRQHandler
 .text.DMA7_IRQHandler
                0x6000cfd2        0x8 ./startup/startup_mimxrt1011.o
                0x6000cfd2                DMA7_IRQHandler
 .text.DMA8_IRQHandler
                0x6000cfda        0x8 ./startup/startup_mimxrt1011.o
                0x6000cfda                DMA8_IRQHandler
 .text.DMA9_IRQHandler
                0x6000cfe2        0x8 ./startup/startup_mimxrt1011.o
                0x6000cfe2                DMA9_IRQHandler
 .text.DMA10_IRQHandler
                0x6000cfea        0x8 ./startup/startup_mimxrt1011.o
                0x6000cfea                DMA10_IRQHandler
 .text.DMA11_IRQHandler
                0x6000cff2        0x8 ./startup/startup_mimxrt1011.o
                0x6000cff2                DMA11_IRQHandler
 .text.DMA12_IRQHandler
                0x6000cffa        0x8 ./startup/startup_mimxrt1011.o
                0x6000cffa                DMA12_IRQHandler
 .text.DMA13_IRQHandler
                0x6000d002        0x8 ./startup/startup_mimxrt1011.o
                0x6000d002                DMA13_IRQHandler
 .text.DMA14_IRQHandler
                0x6000d00a        0x8 ./startup/startup_mimxrt1011.o
                0x6000d00a                DMA14_IRQHandler
 .text.DMA15_IRQHandler
                0x6000d012        0x8 ./startup/startup_mimxrt1011.o
                0x6000d012                DMA15_IRQHandler
 .text.DMA_ERROR_IRQHandler
                0x6000d01a        0x8 ./startup/startup_mimxrt1011.o
                0x6000d01a                DMA_ERROR_IRQHandler
 .text.CTI0_ERROR_IRQHandler
                0x6000d022        0x8 ./startup/startup_mimxrt1011.o
                0x6000d022                CTI0_ERROR_IRQHandler
 .text.CTI1_ERROR_IRQHandler
                0x6000d02a        0x8 ./startup/startup_mimxrt1011.o
                0x6000d02a                CTI1_ERROR_IRQHandler
 .text.CORE_IRQHandler
                0x6000d032        0x8 ./startup/startup_mimxrt1011.o
                0x6000d032                CORE_IRQHandler
 .text.LPUART1_IRQHandler
                0x6000d03a        0x8 ./startup/startup_mimxrt1011.o
                0x6000d03a                LPUART1_IRQHandler
 .text.LPUART2_IRQHandler
                0x6000d042        0x8 ./startup/startup_mimxrt1011.o
                0x6000d042                LPUART2_IRQHandler
 .text.LPUART3_IRQHandler
                0x6000d04a        0x8 ./startup/startup_mimxrt1011.o
                0x6000d04a                LPUART3_IRQHandler
 .text.LPUART4_IRQHandler
                0x6000d052        0x8 ./startup/startup_mimxrt1011.o
                0x6000d052                LPUART4_IRQHandler
 .text.PIT_IRQHandler
                0x6000d05a        0x8 ./startup/startup_mimxrt1011.o
                0x6000d05a                PIT_IRQHandler
 .text.FLEXSPI_IRQHandler
                0x6000d062        0x8 ./startup/startup_mimxrt1011.o
                0x6000d062                FLEXSPI_IRQHandler
 .text.FLEXRAM_IRQHandler
                0x6000d06a        0x8 ./startup/startup_mimxrt1011.o
                0x6000d06a                FLEXRAM_IRQHandler
 .text.LPI2C1_IRQHandler
                0x6000d072        0x8 ./startup/startup_mimxrt1011.o
                0x6000d072                LPI2C1_IRQHandler
 .text.LPI2C2_IRQHandler
                0x6000d07a        0x8 ./startup/startup_mimxrt1011.o
                0x6000d07a                LPI2C2_IRQHandler
 .text.GPT1_IRQHandler
                0x6000d082        0x8 ./startup/startup_mimxrt1011.o
                0x6000d082                GPT1_IRQHandler
 .text.GPT2_IRQHandler
                0x6000d08a        0x8 ./startup/startup_mimxrt1011.o
                0x6000d08a                GPT2_IRQHandler
 .text.LPSPI1_IRQHandler
                0x6000d092        0x8 ./startup/startup_mimxrt1011.o
                0x6000d092                LPSPI1_IRQHandler
 .text.LPSPI2_IRQHandler
                0x6000d09a        0x8 ./startup/startup_mimxrt1011.o
                0x6000d09a                LPSPI2_IRQHandler
 .text.PWM1_0_IRQHandler
                0x6000d0a2        0x8 ./startup/startup_mimxrt1011.o
                0x6000d0a2                PWM1_0_IRQHandler
 .text.PWM1_1_IRQHandler
                0x6000d0aa        0x8 ./startup/startup_mimxrt1011.o
                0x6000d0aa                PWM1_1_IRQHandler
 .text.PWM1_2_IRQHandler
                0x6000d0b2        0x8 ./startup/startup_mimxrt1011.o
                0x6000d0b2                PWM1_2_IRQHandler
 .text.PWM1_3_IRQHandler
                0x6000d0ba        0x8 ./startup/startup_mimxrt1011.o
                0x6000d0ba                PWM1_3_IRQHandler
 .text.PWM1_FAULT_IRQHandler
                0x6000d0c2        0x8 ./startup/startup_mimxrt1011.o
                0x6000d0c2                PWM1_FAULT_IRQHandler
 .text.KPP_IRQHandler
                0x6000d0ca        0x8 ./startup/startup_mimxrt1011.o
                0x6000d0ca                KPP_IRQHandler
 .text.SRC_IRQHandler
                0x6000d0d2        0x8 ./startup/startup_mimxrt1011.o
                0x6000d0d2                SRC_IRQHandler
 .text.GPR_IRQ_IRQHandler
                0x6000d0da        0x8 ./startup/startup_mimxrt1011.o
                0x6000d0da                GPR_IRQ_IRQHandler
 .text.CCM_1_IRQHandler
                0x6000d0e2        0x8 ./startup/startup_mimxrt1011.o
                0x6000d0e2                CCM_1_IRQHandler
 .text.CCM_2_IRQHandler
                0x6000d0ea        0x8 ./startup/startup_mimxrt1011.o
                0x6000d0ea                CCM_2_IRQHandler
 .text.EWM_IRQHandler
                0x6000d0f2        0x8 ./startup/startup_mimxrt1011.o
                0x6000d0f2                EWM_IRQHandler
 .text.WDOG2_IRQHandler
                0x6000d0fa        0x8 ./startup/startup_mimxrt1011.o
                0x6000d0fa                WDOG2_IRQHandler
 .text.SNVS_HP_WRAPPER_IRQHandler
                0x6000d102        0x8 ./startup/startup_mimxrt1011.o
                0x6000d102                SNVS_HP_WRAPPER_IRQHandler
 .text.SNVS_HP_WRAPPER_TZ_IRQHandler
                0x6000d10a        0x8 ./startup/startup_mimxrt1011.o
                0x6000d10a                SNVS_HP_WRAPPER_TZ_IRQHandler
 .text.SNVS_LP_WRAPPER_IRQHandler
                0x6000d112        0x8 ./startup/startup_mimxrt1011.o
                0x6000d112                SNVS_LP_WRAPPER_IRQHandler
 .text.CSU_IRQHandler
                0x6000d11a        0x8 ./startup/startup_mimxrt1011.o
                0x6000d11a                CSU_IRQHandler
 .text.DCP_IRQHandler
                0x6000d122        0x8 ./startup/startup_mimxrt1011.o
                0x6000d122                DCP_IRQHandler
 .text.DCP_VMI_IRQHandler
                0x6000d12a        0x8 ./startup/startup_mimxrt1011.o
                0x6000d12a                DCP_VMI_IRQHandler
 .text.Reserved68_IRQHandler
                0x6000d132        0x8 ./startup/startup_mimxrt1011.o
                0x6000d132                Reserved68_IRQHandler
 .text.TRNG_IRQHandler
                0x6000d13a        0x8 ./startup/startup_mimxrt1011.o
                0x6000d13a                TRNG_IRQHandler
 .text.Reserved70_IRQHandler
                0x6000d142        0x8 ./startup/startup_mimxrt1011.o
                0x6000d142                Reserved70_IRQHandler
 .text.Reserved71_IRQHandler
                0x6000d14a        0x8 ./startup/startup_mimxrt1011.o
                0x6000d14a                Reserved71_IRQHandler
 .text.SAI1_IRQHandler
                0x6000d152        0x8 ./startup/startup_mimxrt1011.o
                0x6000d152                SAI1_IRQHandler
 .text.RTWDOG_IRQHandler
                0x6000d15a        0x8 ./startup/startup_mimxrt1011.o
                0x6000d15a                RTWDOG_IRQHandler
 .text.SAI3_RX_IRQHandler
                0x6000d162        0x8 ./startup/startup_mimxrt1011.o
                0x6000d162                SAI3_RX_IRQHandler
 .text.SAI3_TX_IRQHandler
                0x6000d16a        0x8 ./startup/startup_mimxrt1011.o
                0x6000d16a                SAI3_TX_IRQHandler
 .text.SPDIF_IRQHandler
                0x6000d172        0x8 ./startup/startup_mimxrt1011.o
                0x6000d172                SPDIF_IRQHandler
 .text.PMU_IRQHandler
                0x6000d17a        0x8 ./startup/startup_mimxrt1011.o
                0x6000d17a                PMU_IRQHandler
 .text.XBAR1_IRQ_0_1_2_3_IRQHandler
                0x6000d182        0x8 ./startup/startup_mimxrt1011.o
                0x6000d182                XBAR1_IRQ_0_1_2_3_IRQHandler
 .text.TEMP_LOW_HIGH_IRQHandler
                0x6000d18a        0x8 ./startup/startup_mimxrt1011.o
                0x6000d18a                TEMP_LOW_HIGH_IRQHandler
 .text.TEMP_PANIC_IRQHandler
                0x6000d192        0x8 ./startup/startup_mimxrt1011.o
                0x6000d192                TEMP_PANIC_IRQHandler
 .text.USB_PHY_IRQHandler
                0x6000d19a        0x8 ./startup/startup_mimxrt1011.o
                0x6000d19a                USB_PHY_IRQHandler
 .text.GPC_IRQHandler
                0x6000d1a2        0x8 ./startup/startup_mimxrt1011.o
                0x6000d1a2                GPC_IRQHandler
 .text.ADC1_IRQHandler
                0x6000d1aa        0x8 ./startup/startup_mimxrt1011.o
                0x6000d1aa                ADC1_IRQHandler
 .text.FLEXIO1_IRQHandler
                0x6000d1b2        0x8 ./startup/startup_mimxrt1011.o
                0x6000d1b2                FLEXIO1_IRQHandler
 .text.DCDC_IRQHandler
                0x6000d1ba        0x8 ./startup/startup_mimxrt1011.o
                0x6000d1ba                DCDC_IRQHandler
 .text.GPIO1_Combined_0_15_IRQHandler
                0x6000d1c2        0x8 ./startup/startup_mimxrt1011.o
                0x6000d1c2                GPIO1_Combined_0_15_IRQHandler
 .text.GPIO1_Combined_16_31_IRQHandler
                0x6000d1ca        0x8 ./startup/startup_mimxrt1011.o
                0x6000d1ca                GPIO1_Combined_16_31_IRQHandler
 .text.GPIO2_Combined_0_15_IRQHandler
                0x6000d1d2        0x8 ./startup/startup_mimxrt1011.o
                0x6000d1d2                GPIO2_Combined_0_15_IRQHandler
 .text.GPIO5_Combined_0_15_IRQHandler
                0x6000d1da        0x8 ./startup/startup_mimxrt1011.o
                0x6000d1da                GPIO5_Combined_0_15_IRQHandler
 .text.WDOG1_IRQHandler
                0x6000d1e2        0x8 ./startup/startup_mimxrt1011.o
                0x6000d1e2                WDOG1_IRQHandler
 .text.ADC_ETC_IRQ0_IRQHandler
                0x6000d1ea        0x8 ./startup/startup_mimxrt1011.o
                0x6000d1ea                ADC_ETC_IRQ0_IRQHandler
 .text.ADC_ETC_IRQ1_IRQHandler
                0x6000d1f2        0x8 ./startup/startup_mimxrt1011.o
                0x6000d1f2                ADC_ETC_IRQ1_IRQHandler
 .text.ADC_ETC_IRQ2_IRQHandler
                0x6000d1fa        0x8 ./startup/startup_mimxrt1011.o
                0x6000d1fa                ADC_ETC_IRQ2_IRQHandler
 .text.ADC_ETC_IRQ3_IRQHandler
                0x6000d202        0x8 ./startup/startup_mimxrt1011.o
                0x6000d202                ADC_ETC_IRQ3_IRQHandler
 .text.ADC_ETC_ERROR_IRQ_IRQHandler
                0x6000d20a        0x8 ./startup/startup_mimxrt1011.o
                0x6000d20a                ADC_ETC_ERROR_IRQ_IRQHandler
 .text.CLOCK_EnableClock
                0x6000d212       0x1e ./source/app.o
 .text.EnableIRQ
                0x6000d230       0x32 ./source/app.o
 .text.IOMUXC_SetPinMux
                0x6000d262       0x3a ./source/app.o
 .text.IOMUXC_SetPinConfig
                0x6000d29c       0x26 ./source/app.o
 .text.LPUART_WriteByte
                0x6000d2c2       0x1e ./source/app.o
 .text.USB_HostIsrEnable
                0x6000d2e0       0x2c ./source/app.o
                0x6000d2e0                USB_HostIsrEnable
 .text.USB_HostTaskFn
                0x6000d30c       0x16 ./source/app.o
                0x6000d30c                USB_HostTaskFn
 .text.USB_HostKeyboardProcessBuffer
                0x6000d322      0x11c ./source/host_keyboard.o
 .text.USB_HostHidInCallback
                0x6000d43e       0x42 ./source/host_keyboard.o
 .text.USB_HostHidControlCallback
                0x6000d480       0x5c ./source/host_keyboard.o
 .text.USB_HostHidControlCallback
                0x6000d4dc       0x5c ./source/host_mouse.o
 .text.USB_HostHidInCallback
                0x6000d538       0x42 ./source/host_mouse.o
 .text.HardFault_Handler
                0x6000d57a       0x2c ./source/semihost_hardfault.o
                0x6000d57a                HardFault_Handler
 .text.CLOCK_IsPllBypassed
                0x6000d5a6       0x32 ./drivers/fsl_clock.o
 .text.CLOCK_IsPllEnabled
                0x6000d5d8       0x3c ./drivers/fsl_clock.o
 .text.CLOCK_GetPllBypassRefClk
                0x6000d614       0x34 ./drivers/fsl_clock.o
 .text.CLOCK_EnableClock
                0x6000d648       0x1e ./drivers/fsl_lpuart.o
 .text.LPUART_SoftwareReset
                0x6000d666       0x2c ./drivers/fsl_lpuart.o
 .text.LPUART_WriteByte
                0x6000d692       0x1e ./drivers/fsl_lpuart.o
 .text.add_on_LPUART_Write_StringNonBlocking
                0x6000d6b0       0x44 ./drivers/fsl_lpuart.o
                0x6000d6b0                add_on_LPUART_Write_StringNonBlocking
 .text.LPUART_GetStatusFlags
                0x6000d6f4       0x2c ./drivers/fsl_lpuart.o
                0x6000d6f4                LPUART_GetStatusFlags
 .text.HAL_UartGetStatus
                0x6000d720       0x28 ./component/uart/fsl_adapter_lpuart.o
 .text.DisableGlobalIRQ
                0x6000d748       0x22 ./component/osa/fsl_os_abstraction_bm.o
 .text.EnableGlobalIRQ
                0x6000d76a       0x20 ./component/osa/fsl_os_abstraction_bm.o
 .text.OSA_MemoryAllocate
                0x6000d78a       0x2a ./component/osa/fsl_os_abstraction_bm.o
                0x6000d78a                OSA_MemoryAllocate
 .text.OSA_MemoryFree
                0x6000d7b4       0x16 ./component/osa/fsl_os_abstraction_bm.o
                0x6000d7b4                OSA_MemoryFree
 .text.OSA_EnterCritical
                0x6000d7ca       0x1a ./component/osa/fsl_os_abstraction_bm.o
                0x6000d7ca                OSA_EnterCritical
 .text.OSA_ExitCritical
                0x6000d7e4       0x16 ./component/osa/fsl_os_abstraction_bm.o
                0x6000d7e4                OSA_ExitCritical
 .text.OSA_MutexLock
                0x6000d7fa       0x52 ./component/osa/fsl_os_abstraction_bm.o
                0x6000d7fa                OSA_MutexLock
 .text.OSA_EventSet
                0x6000d84c       0x36 ./component/osa/fsl_os_abstraction_bm.o
                0x6000d84c                OSA_EventSet
 .text.OSA_EventWait
                0x6000d882       0x94 ./component/osa/fsl_os_abstraction_bm.o
                0x6000d882                OSA_EventWait
 .text.BOARD_InitDebugConsole
                0x6000d916       0x22 ./board/board.o
                0x6000d916                BOARD_InitDebugConsole
 .text.CLOCK_DisableClock
                0x6000d938       0x1e ./board/clock_config.o
 .text.CLOCK_SetPllBypass
                0x6000d956       0x4e ./board/clock_config.o
 .text.IOMUXC_SetSaiMClkClockSource
                0x6000d9a4       0x6c ./board/clock_config.o
 .text.CLOCK_EnableClock
                0x6000da10       0x1e ./board/pin_mux.o
 .text.IOMUXC_SetPinMux
                0x6000da2e       0x3a ./board/pin_mux.o
 .text.IOMUXC_SetPinConfig
                0x6000da68       0x26 ./board/pin_mux.o
 .text.__main   0x6000da8e        0xe c:/nxp/mcuxpressoide_11.3.0_5222/ide/plugins/com.nxp.mcuxpresso.tools.win32_11.3.0.202008311133/tools/bin/../lib/gcc/arm-none-eabi/9.3.1/../../../../arm-none-eabi/lib/thumb/v7e-m+fp/hard\libcr_nohost_nf.a(_cr__main.o)
                0x6000da8e                __main
 .text.memset   0x6000da9c        0x4 c:/nxp/mcuxpressoide_11.3.0_5222/ide/plugins/com.nxp.mcuxpresso.tools.win32_11.3.0.202008311133/tools/bin/../lib/gcc/arm-none-eabi/9.3.1/../../../../arm-none-eabi/lib/thumb/v7e-m+fp/hard\libcr_c.a(memset.o)
                0x6000da9c                memset
 .text.free     0x6000daa0       0x30 c:/nxp/mcuxpressoide_11.3.0_5222/ide/plugins/com.nxp.mcuxpresso.tools.win32_11.3.0.202008311133/tools/bin/../lib/gcc/arm-none-eabi/9.3.1/../../../../arm-none-eabi/lib/thumb/v7e-m+fp/hard\libcr_c.a(alloc.o)
                0x6000daa0                free
 .text.setvbuf  0x6000dad0       0x3e c:/nxp/mcuxpressoide_11.3.0_5222/ide/plugins/com.nxp.mcuxpresso.tools.win32_11.3.0.202008311133/tools/bin/../lib/gcc/arm-none-eabi/9.3.1/../../../../arm-none-eabi/lib/thumb/v7e-m+fp/hard\libcr_c.a(setvbuf.o)
                0x6000dad0                setvbuf
 .text.strlen   0x6000db0e       0x4c c:/nxp/mcuxpressoide_11.3.0_5222/ide/plugins/com.nxp.mcuxpresso.tools.win32_11.3.0.202008311133/tools/bin/../lib/gcc/arm-none-eabi/9.3.1/../../../../arm-none-eabi/lib/thumb/v7e-m+fp/hard\libcr_c.a(strlen.o)
                0x6000db0e                strlen
 .text._fdopen  0x6000db5a       0x68 c:/nxp/mcuxpressoide_11.3.0_5222/ide/plugins/com.nxp.mcuxpresso.tools.win32_11.3.0.202008311133/tools/bin/../lib/gcc/arm-none-eabi/9.3.1/../../../../arm-none-eabi/lib/thumb/v7e-m+fp/hard\libcr_c.a(_fdopen.o)
                0x6000db5a                _fdopen
 .text.fclose   0x6000dbc2       0x58 c:/nxp/mcuxpressoide_11.3.0_5222/ide/plugins/com.nxp.mcuxpresso.tools.win32_11.3.0.202008311133/tools/bin/../lib/gcc/arm-none-eabi/9.3.1/../../../../arm-none-eabi/lib/thumb/v7e-m+fp/hard\libcr_c.a(fclose.o)
                0x6000dbc2                fclose
 .text.remove   0x6000dc1a       0x14 c:/nxp/mcuxpressoide_11.3.0_5222/ide/plugins/com.nxp.mcuxpresso.tools.win32_11.3.0.202008311133/tools/bin/../lib/gcc/arm-none-eabi/9.3.1/../../../../arm-none-eabi/lib/thumb/v7e-m+fp/hard\libcr_c.a(remove.o)
                0x6000dc1a                remove
 .text._do_fflush
                0x6000dc2e       0x40 c:/nxp/mcuxpressoide_11.3.0_5222/ide/plugins/com.nxp.mcuxpresso.tools.win32_11.3.0.202008311133/tools/bin/../lib/gcc/arm-none-eabi/9.3.1/../../../../arm-none-eabi/lib/thumb/v7e-m+fp/hard\libcr_c.a(_do_fflush.o)
                0x6000dc2e                _do_fflush
 .text._fflush  0x6000dc6e       0x52 c:/nxp/mcuxpressoide_11.3.0_5222/ide/plugins/com.nxp.mcuxpresso.tools.win32_11.3.0.202008311133/tools/bin/../lib/gcc/arm-none-eabi/9.3.1/../../../../arm-none-eabi/lib/thumb/v7e-m+fp/hard\libcr_c.a(_fflush.o)
                0x6000dc6e                _fflush
 .text._deferredlazyseek
                0x6000dcc0       0x40 c:/nxp/mcuxpressoide_11.3.0_5222/ide/plugins/com.nxp.mcuxpresso.tools.win32_11.3.0.202008311133/tools/bin/../lib/gcc/arm-none-eabi/9.3.1/../../../../arm-none-eabi/lib/thumb/v7e-m+fp/hard\libcr_c.a(_deferredlazyseek.o)
                0x6000dcc0                _deferredlazyseek
 .text.__aeabi_division_uldivmod
                0x6000dd00      0x174 c:/nxp/mcuxpressoide_11.3.0_5222/ide/plugins/com.nxp.mcuxpresso.tools.win32_11.3.0.202008311133/tools/bin/../lib/gcc/arm-none-eabi/9.3.1/thumb/v7e-m+fp/hard\libcr_eabihelpers.a(division_64.o)
                0x6000dd00                __aeabi_uldivmod
                0x6000dd04                __bhs_ldivmod1
 .text.__aeabi_division_idiv0
                0x6000de74        0x2 c:/nxp/mcuxpressoide_11.3.0_5222/ide/plugins/com.nxp.mcuxpresso.tools.win32_11.3.0.202008311133/tools/bin/../lib/gcc/arm-none-eabi/9.3.1/thumb/v7e-m+fp/hard\libcr_eabihelpers.a(division_idiv0.o)
                0x6000de74                __aeabi_idiv0
 .text.__aeabi_memset_lowlevel
                0x6000de76       0x32 c:/nxp/mcuxpressoide_11.3.0_5222/ide/plugins/com.nxp.mcuxpresso.tools.win32_11.3.0.202008311133/tools/bin/../lib/gcc/arm-none-eabi/9.3.1/thumb/v7e-m+fp/hard\libcr_eabihelpers.a(memcpy.o)
                0x6000de76                __aeabi_lowlevel_memset
 .text.__sys_close
                0x6000dea8        0x6 c:/nxp/mcuxpressoide_11.3.0_5222/ide/plugins/com.nxp.mcuxpresso.tools.win32_11.3.0.202008311133/tools/bin/../lib/gcc/arm-none-eabi/9.3.1/../../../../arm-none-eabi/lib/thumb/v7e-m+fp/hard\libcr_nohost_nf.a(__sys_close.o)
                0x6000dea8                __sys_close
 .text.__sys_flen
                0x6000deae        0x6 c:/nxp/mcuxpressoide_11.3.0_5222/ide/plugins/com.nxp.mcuxpresso.tools.win32_11.3.0.202008311133/tools/bin/../lib/gcc/arm-none-eabi/9.3.1/../../../../arm-none-eabi/lib/thumb/v7e-m+fp/hard\libcr_nohost_nf.a(__sys_flen.o)
                0x6000deae                __sys_flen
 .text.__sys_istty
                0x6000deb4        0x6 c:/nxp/mcuxpressoide_11.3.0_5222/ide/plugins/com.nxp.mcuxpresso.tools.win32_11.3.0.202008311133/tools/bin/../lib/gcc/arm-none-eabi/9.3.1/../../../../arm-none-eabi/lib/thumb/v7e-m+fp/hard\libcr_nohost_nf.a(__sys_istty.o)
                0x6000deb4                __sys_istty
 .text.__sys_remove
                0x6000deba        0x6 c:/nxp/mcuxpressoide_11.3.0_5222/ide/plugins/com.nxp.mcuxpresso.tools.win32_11.3.0.202008311133/tools/bin/../lib/gcc/arm-none-eabi/9.3.1/../../../../arm-none-eabi/lib/thumb/v7e-m+fp/hard\libcr_nohost_nf.a(__sys_remove.o)
                0x6000deba                __sys_remove
 .text.__sys_seek
                0x6000dec0        0x6 c:/nxp/mcuxpressoide_11.3.0_5222/ide/plugins/com.nxp.mcuxpresso.tools.win32_11.3.0.202008311133/tools/bin/../lib/gcc/arm-none-eabi/9.3.1/../../../../arm-none-eabi/lib/thumb/v7e-m+fp/hard\libcr_nohost_nf.a(__sys_seek.o)
                0x6000dec0                __sys_seek
 .text.__sys_tmpnam
                0x6000dec6        0x6 c:/nxp/mcuxpressoide_11.3.0_5222/ide/plugins/com.nxp.mcuxpresso.tools.win32_11.3.0.202008311133/tools/bin/../lib/gcc/arm-none-eabi/9.3.1/../../../../arm-none-eabi/lib/thumb/v7e-m+fp/hard\libcr_nohost_nf.a(__sys_tmpnam.o)
                0x6000dec6                __sys_tmpnam
 .text.__sys_write
                0x6000decc        0x4 c:/nxp/mcuxpressoide_11.3.0_5222/ide/plugins/com.nxp.mcuxpresso.tools.win32_11.3.0.202008311133/tools/bin/../lib/gcc/arm-none-eabi/9.3.1/../../../../arm-none-eabi/lib/thumb/v7e-m+fp/hard\libcr_nohost_nf.a(__sys_write.o)
                0x6000decc                __sys_write
 *(SORT_BY_ALIGNMENT(.rodata) SORT_BY_ALIGNMENT(.rodata.*) SORT_BY_ALIGNMENT(.constdata) SORT_BY_ALIGNMENT(.constdata.*))
 .rodata.__assertion_failed.str1.4
                0x6000ded0       0x14 ./utilities/fsl_assert.o
 .rodata.USB_HostHubDeviceEvent.str1.4
                0x6000dee4       0x3f ./usb/host/class/usb_host_hub_app.o
 *fill*         0x6000df23        0x1 ff
 .rodata.s_EnumEntries
                0x6000df24       0x38 ./usb/host/usb_host_devices.o
 .rodata.s_EhciInterface
                0x6000df5c       0x1c ./usb/host/usb_host_hci.o
 .rodata.CLOCK_ControlGate.str1.4
                0x6000df78       0x90 ./source/app.o
 .rodata        0x6000e008       0x68 ./source/app.o
 .rodata.USB_HostEvent.str1.4
                0x6000e070       0x2d ./source/app.o
 *fill*         0x6000e09d        0x3 ff
 .rodata.USB_HostApplicationInit.str1.4
                0x6000e0a0       0x25 ./source/app.o
 *fill*         0x6000e0c5        0x3 ff
 .rodata.send_info_seq.str1.4
                0x6000e0c8       0xe0 ./source/app.o
 .rodata.error_management.str1.4
                0x6000e1a8       0x82 ./source/app.o
 *fill*         0x6000e22a        0x2 ff
 .rodata.g_HostKeyboardTable
                0x6000e22c       0x72 ./source/host_keyboard.o
 *fill*         0x6000e29e        0x2 ff
 .rodata.USB_HostHidKeyboardTask.str1.4
                0x6000e2a0       0xfb ./source/host_keyboard.o
 *fill*         0x6000e39b        0x1 ff
 .rodata.USB_HostHidKeyboardEvent.str1.4
                0x6000e39c       0x5e ./source/host_keyboard.o
 *fill*         0x6000e3fa        0x2 ff
 .rodata.USB_HostMouseProcessBuffer.str1.4
                0x6000e3fc       0x93 ./source/host_mouse.o
                                 0x9f (size before relaxing)
 *fill*         0x6000e48f        0x1 ff
 .rodata.USB_HostHidMouseTask.str1.4
                0x6000e490       0x6a ./source/host_mouse.o
                                 0xdf (size before relaxing)
 *fill*         0x6000e4fa        0x2 ff
 .rodata.USB_HostHidMouseEvent.str1.4
                0x6000e4fc       0x36 ./source/host_mouse.o
                                 0x52 (size before relaxing)
 *fill*         0x6000e532        0x2 ff
 .rodata.CLOCK_InitExternalClk.str1.4
                0x6000e534       0x22 ./drivers/fsl_clock.o
 *fill*         0x6000e556        0x2 ff
 .rodata.EDMA_HandleIRQ.str1.4
                0x6000e558       0x22 ./drivers/fsl_edma.o
 *fill*         0x6000e57a        0x2 ff
 .rodata.CLOCK_ControlGate.str1.4
                0x6000e57c       0x20 ./drivers/fsl_lpuart.o
 .rodata.s_lpuartBases
                0x6000e59c       0x14 ./drivers/fsl_lpuart.o
 .rodata.s_lpuartClock
                0x6000e5b0        0xa ./drivers/fsl_lpuart.o
 *fill*         0x6000e5ba        0x2 ff
 .rodata.LPUART_GetInstance.str1.4
                0x6000e5bc       0x39 ./drivers/fsl_lpuart.o
 *fill*         0x6000e5f5        0x3 ff
 .rodata.LPUART_Init.str1.4
                0x6000e5f8      0x10c ./drivers/fsl_lpuart.o
 .rodata.LPUART_GetDefaultConfig.str1.4
                0x6000e704       0x23 ./drivers/fsl_lpuart.o
 *fill*         0x6000e727        0x1 ff
 .rodata.LPUART_WriteBlocking.str1.4
                0x6000e728       0x21 ./drivers/fsl_lpuart.o
 *fill*         0x6000e749        0x3 ff
 .rodata.LPUART_ReadBlocking.str1.4
                0x6000e74c       0x21 ./drivers/fsl_lpuart.o
 *fill*         0x6000e76d        0x3 ff
 .rodata.s_LpuartAdapterBase
                0x6000e770       0x14 ./component/uart/fsl_adapter_lpuart.o
 .rodata.HAL_UartInit.str1.4
                0x6000e784       0xf2 ./component/uart/fsl_adapter_lpuart.o
 *fill*         0x6000e876        0x2 ff
 .rodata.HAL_UartReceiveBlocking.str1.4
                0x6000e878       0x6b ./component/uart/fsl_adapter_lpuart.o
 *fill*         0x6000e8e3        0x1 ff
 .rodata.HAL_UartSendBlocking.str1.4
                0x6000e8e4       0x6b ./component/uart/fsl_adapter_lpuart.o
 *fill*         0x6000e94f        0x1 ff
 .rodata.OSA_MutexCreate.str1.4
                0x6000e950       0x2b ./component/osa/fsl_os_abstraction_bm.o
 *fill*         0x6000e97b        0x1 ff
 .rodata.OSA_MutexUnlock.str1.4
                0x6000e97c       0x2b ./component/osa/fsl_os_abstraction_bm.o
 *fill*         0x6000e9a7        0x1 ff
 .rodata.OSA_MutexDestroy.str1.4
                0x6000e9a8       0x2b ./component/osa/fsl_os_abstraction_bm.o
 *fill*         0x6000e9d3        0x1 ff
 .rodata.OSA_EventCreate.str1.4
                0x6000e9d4       0x2b ./component/osa/fsl_os_abstraction_bm.o
 *fill*         0x6000e9ff        0x1 ff
 .rodata.OSA_EventDestroy.str1.4
                0x6000ea00       0x2b ./component/osa/fsl_os_abstraction_bm.o
 *fill*         0x6000ea2b        0x1 ff
 .rodata.BOARD_ConfigMPU.str1.4
                0x6000ea2c       0x6a ./board/board.o
 *fill*         0x6000ea96        0x2 ff
 .rodata.CLOCK_SetMux.str1.4
                0x6000ea98       0xa1 ./board/clock_config.o
 *fill*         0x6000eb39        0x3 ff
 .rodata.CLOCK_SetDiv.str1.4
                0x6000eb3c       0xa1 ./board/clock_config.o
 .rodata.CLOCK_ControlGate.str1.4
                0x6000ebdd       0x90 ./board/clock_config.o
 *fill*         0x6000ebdd        0x3 ff
 .rodata.sysPllConfig_BOARD_BootClockRUN
                0x6000ebe0       0x14 ./board/clock_config.o
                0x6000ebe0                sysPllConfig_BOARD_BootClockRUN
 .rodata.enetPllConfig_BOARD_BootClockRUN
                0x6000ebf4        0x5 ./board/clock_config.o
                0x6000ebf4                enetPllConfig_BOARD_BootClockRUN
 .rodata.CLOCK_ControlGate.str1.4
                0x6000ebf9       0x90 ./board/pin_mux.o
 *fill*         0x6000ebf9        0x3 ff
 .rodata.__num_Ciob_streams
                0x6000ebfc        0x4 c:/nxp/mcuxpressoide_11.3.0_5222/ide/plugins/com.nxp.mcuxpresso.tools.win32_11.3.0.202008311133/tools/bin/../lib/gcc/arm-none-eabi/9.3.1/../../../../arm-none-eabi/lib/thumb/v7e-m+fp/hard\libcr_nohost_nf.a(__ciob.o)
                0x6000ebfc                __num_Ciob_streams
 .rodata._initio.str1.1
                0x6000ec00        0x4 c:/nxp/mcuxpressoide_11.3.0_5222/ide/plugins/com.nxp.mcuxpresso.tools.win32_11.3.0.202008311133/tools/bin/../lib/gcc/arm-none-eabi/9.3.1/../../../../arm-none-eabi/lib/thumb/v7e-m+fp/hard\libcr_c.a(initio.o)
                0x6000ec04                . = ALIGN (0x4)

.glue_7         0x6000ec04        0x0
 .glue_7        0x6000ec04        0x0 linker stubs

.glue_7t        0x6000ec04        0x0
 .glue_7t       0x6000ec04        0x0 linker stubs

.vfp11_veneer   0x6000ec04        0x0
 .vfp11_veneer  0x6000ec04        0x0 linker stubs

.v4_bx          0x6000ec04        0x0
 .v4_bx         0x6000ec04        0x0 linker stubs

.iplt           0x6000ec04        0x0
 .iplt          0x6000ec04        0x0 ./xip/evkmimxrt1010_flexspi_nor_config.o

.rel.dyn        0x6000ec04        0x0
 .rel.iplt      0x6000ec04        0x0 ./xip/evkmimxrt1010_flexspi_nor_config.o

.ARM.extab
 *(SORT_BY_ALIGNMENT(.ARM.extab*) SORT_BY_ALIGNMENT(.gnu.linkonce.armextab.*))

.ARM.exidx      0x6000ec04        0x0
                0x6000ec04                __exidx_start = .
 *(SORT_BY_ALIGNMENT(.ARM.exidx*) SORT_BY_ALIGNMENT(.gnu.linkonce.armexidx.*))
                0x6000ec04                __exidx_end = .
                0x6000ec04                _etext = .

.data_RAM2      0x20210000        0x0 load address 0x6000ec04
 FILL mask 0xff
                [!provide]                PROVIDE (__start_data_RAM2 = .)
                [!provide]                PROVIDE (__start_data_NCACHE_REGION = .)
 *(SORT_BY_ALIGNMENT(.ramfunc.$RAM2))
 *(SORT_BY_ALIGNMENT(.ramfunc.$NCACHE_REGION))
 *(SORT_BY_ALIGNMENT(.data.$RAM2))
 *(SORT_BY_ALIGNMENT(.data.$NCACHE_REGION))
 *(SORT_BY_ALIGNMENT(.data.$RAM2.*))
 *(SORT_BY_ALIGNMENT(.data.$NCACHE_REGION.*))
                0x20210000                . = ALIGN (0x4)
                [!provide]                PROVIDE (__end_data_RAM2 = .)
                [!provide]                PROVIDE (__end_data_NCACHE_REGION = .)

.data_RAM3      0x20000000        0x0 load address 0x6000ec04
 FILL mask 0xff
                [!provide]                PROVIDE (__start_data_RAM3 = .)
                [!provide]                PROVIDE (__start_data_SRAM_DTC = .)
 *(SORT_BY_ALIGNMENT(.ramfunc.$RAM3))
 *(SORT_BY_ALIGNMENT(.ramfunc.$SRAM_DTC))
 *(SORT_BY_ALIGNMENT(NonCacheable.init))
 *(SORT_BY_ALIGNMENT(.data.$RAM3))
 *(SORT_BY_ALIGNMENT(.data.$SRAM_DTC))
 *(SORT_BY_ALIGNMENT(.data.$RAM3.*))
 *(SORT_BY_ALIGNMENT(.data.$SRAM_DTC.*))
                0x20000000                . = ALIGN (0x4)
                [!provide]                PROVIDE (__end_data_RAM3 = .)
                [!provide]                PROVIDE (__end_data_SRAM_DTC = .)

.data_RAM4      0x00000000        0x0 load address 0x6000ec04
 FILL mask 0xff
                [!provide]                PROVIDE (__start_data_RAM4 = .)
                [!provide]                PROVIDE (__start_data_SRAM_ITC = .)
 *(SORT_BY_ALIGNMENT(.ramfunc.$RAM4))
 *(SORT_BY_ALIGNMENT(.ramfunc.$SRAM_ITC))
 *(SORT_BY_ALIGNMENT(.data.$RAM4))
 *(SORT_BY_ALIGNMENT(.data.$SRAM_ITC))
 *(SORT_BY_ALIGNMENT(.data.$RAM4.*))
 *(SORT_BY_ALIGNMENT(.data.$SRAM_ITC.*))
                0x00000000                . = ALIGN (0x4)
                [!provide]                PROVIDE (__end_data_RAM4 = .)
                [!provide]                PROVIDE (__end_data_SRAM_ITC = .)

.uninit_RESERVED
                0x20200000        0x0
                0x20200000                _start_uninit_RESERVED = .
 *(SORT_BY_ALIGNMENT(.bss.$RESERVED*))
                0x20200000                . = ALIGN (0x4)
                0x20200000                _end_uninit_RESERVED = .

.data           0x20200000       0x18 load address 0x6000ec04
 FILL mask 0xff
                0x20200000                _data = .
                [!provide]                PROVIDE (__start_data_RAM = .)
                [!provide]                PROVIDE (__start_data_SRAM_OC = .)
 *(SORT_BY_ALIGNMENT(vtable))
 *(SORT_BY_ALIGNMENT(.ramfunc*))
 *(SORT_BY_ALIGNMENT(CodeQuickAccess))
 *(SORT_BY_ALIGNMENT(DataQuickAccess))
 *(SORT_BY_ALIGNMENT(RamFunction))
 *(SORT_BY_ALIGNMENT(.data*))
 .data.s_SlotMaxBandwidth
                0x20200000        0x8 ./usb/host/usb_host_ehci.o
 .data.s_SlotMaxBandwidthHs
                0x20200008        0x8 ./usb/host/usb_host_ehci.o
 .data.SystemCoreClock
                0x20200010        0x4 ./device/system_MIMXRT1011.o
                0x20200010                SystemCoreClock
 .data.error_signal
                0x20200014        0x1 ./source/app.o
                0x20200014                error_signal
                0x20200018                . = ALIGN (0x4)
 *fill*         0x20200015        0x3 ff
                0x20200018                _edata = .
                [!provide]                PROVIDE (__end_data_RAM = .)
                [!provide]                PROVIDE (__end_data_SRAM_OC = .)

.igot.plt       0x20200018        0x0 load address 0x6000ec1c
 .igot.plt      0x20200018        0x0 ./xip/evkmimxrt1010_flexspi_nor_config.o

.bss_RAM2       0x20210000        0x0
                [!provide]                PROVIDE (__start_bss_RAM2 = .)
                [!provide]                PROVIDE (__start_bss_NCACHE_REGION = .)
 *(SORT_BY_ALIGNMENT(.bss.$RAM2))
 *(SORT_BY_ALIGNMENT(.bss.$NCACHE_REGION))
 *(SORT_BY_ALIGNMENT(.bss.$RAM2.*))
 *(SORT_BY_ALIGNMENT(.bss.$NCACHE_REGION.*))
                0x20210000                . = ALIGN ((. != 0x0)?0x4:0x1)
                [!provide]                PROVIDE (__end_bss_RAM2 = .)
                [!provide]                PROVIDE (__end_bss_NCACHE_REGION = .)

.bss_RAM3       0x20000000     0x17d0
                [!provide]                PROVIDE (__start_bss_RAM3 = .)
                [!provide]                PROVIDE (__start_bss_SRAM_DTC = .)
 *(SORT_BY_ALIGNMENT(NonCacheable))
 NonCacheable   0x20000000     0x15c0 ./usb/host/usb_host_ehci.o
 NonCacheable   0x200015c0       0x80 ./usb/host/usb_host_hci.o
 NonCacheable   0x20001640       0xc8 ./source/host_keyboard.o
 NonCacheable   0x20001708       0xc8 ./source/host_mouse.o
 *(SORT_BY_ALIGNMENT(.bss.$RAM3))
 *(SORT_BY_ALIGNMENT(.bss.$SRAM_DTC))
 *(SORT_BY_ALIGNMENT(.bss.$RAM3.*))
 *(SORT_BY_ALIGNMENT(.bss.$SRAM_DTC.*))
                0x200017d0                . = ALIGN ((. != 0x0)?0x4:0x1)
                [!provide]                PROVIDE (__end_bss_RAM3 = .)
                [!provide]                PROVIDE (__end_bss_SRAM_DTC = .)

.bss_RAM4       0x00000000        0x0
                [!provide]                PROVIDE (__start_bss_RAM4 = .)
                [!provide]                PROVIDE (__start_bss_SRAM_ITC = .)
 *(SORT_BY_ALIGNMENT(.bss.$RAM4))
 *(SORT_BY_ALIGNMENT(.bss.$SRAM_ITC))
 *(SORT_BY_ALIGNMENT(.bss.$RAM4.*))
 *(SORT_BY_ALIGNMENT(.bss.$SRAM_ITC.*))
                0x00000000                . = ALIGN ((. != 0x0)?0x4:0x1)
                [!provide]                PROVIDE (__end_bss_RAM4 = .)
                [!provide]                PROVIDE (__end_bss_SRAM_ITC = .)

.bss            0x20200018      0xba0
                0x20200018                _bss = .
                [!provide]                PROVIDE (__start_bss_RAM = .)
                [!provide]                PROVIDE (__start_bss_SRAM_OC = .)
 *(SORT_BY_ALIGNMENT(.bss*))
 .bss.s_debugConsole
                0x20200018       0x14 ./utilities/fsl_debug_console.o
 .bss.s_HubDeviceHandle
                0x2020002c        0x4 ./usb/host/class/usb_host_hub_app.o
 .bss.s_HubInterfaceHandle
                0x20200030        0x4 ./usb/host/class/usb_host_hub_app.o
 .bss.s_HubGlobalArray
                0x20200034       0x1c ./usb/host/class/usb_host_hub_app.o
 .bss.usbHostEhciFramListStatus
                0x20200050        0x1 ./usb/host/usb_host_ehci.o
 *fill*         0x20200051        0x3 
 .bss.interruptStatus.10204
                0x20200054        0x4 ./usb/host/usb_host_ehci.o
 .bss.g_UsbHostInstance
                0x20200058      0x2f8 ./usb/host/usb_host_hci.o
                0x20200058                g_UsbHostInstance
 .bss.g_HostHandle
                0x20200350        0x4 ./source/app.o
                0x20200350                g_HostHandle
 .bss.sequenceBuffer
                0x20200354       0x10 ./source/app.o
                0x20200354                sequenceBuffer
 .bss.dataStore
                0x20200364      0x640 ./source/app.o
                0x20200364                dataStore
 .bss.sizeSequence
                0x202009a4       0x64 ./source/app.o
                0x202009a4                sizeSequence
 .bss.actual_pos
                0x20200a08        0xc ./source/app.o
                0x20200a08                actual_pos
 .bss.request_pos
                0x20200a14        0xc ./source/app.o
                0x20200a14                request_pos
 .bss.demoRingBuffer
                0x20200a20       0x10 ./source/app.o
                0x20200a20                demoRingBuffer
 .bss.add_on_rxBuffer_g
                0x20200a30       0x10 ./source/host_keyboard.o
 .bss.g_HostHidKeyboard
                0x20200a40       0x2c ./source/host_keyboard.o
                0x20200a40                g_HostHidKeyboard
 .bss.g_HostHidMouse
                0x20200a6c       0x1c ./source/host_mouse.o
                0x20200a6c                g_HostHidMouse
 .bss.g_xtalFreq
                0x20200a88        0x4 ./drivers/fsl_clock.o
                0x20200a88                g_xtalFreq
 .bss.g_rtcXtalFreq
                0x20200a8c        0x4 ./drivers/fsl_clock.o
                0x20200a8c                g_rtcXtalFreq
 .bss.s_EDMAHandle
                0x20200a90       0x40 ./drivers/fsl_edma.o
 .bss.s_flexspiHandle
                0x20200ad0        0x4 ./drivers/fsl_flexspi.o
 .bss.s_flexspiIsr
                0x20200ad4        0x4 ./drivers/fsl_flexspi.o
 .bss.s_lpuartHandle
                0x20200ad8       0x14 ./drivers/fsl_lpuart.o
 .bss.s_lpuartIsr
                0x20200aec        0x4 ./drivers/fsl_lpuart.o
 .bss.__end_of_heap
                0x20200af0        0x4 c:/nxp/mcuxpressoide_11.3.0_5222/ide/plugins/com.nxp.mcuxpresso.tools.win32_11.3.0.202008311133/tools/bin/../lib/gcc/arm-none-eabi/9.3.1/../../../../arm-none-eabi/lib/thumb/v7e-m+fp/hard\libcr_c.a(__init_alloc.o)
                0x20200af0                __end_of_heap
 .bss.__heaps   0x20200af4        0x4 c:/nxp/mcuxpressoide_11.3.0_5222/ide/plugins/com.nxp.mcuxpresso.tools.win32_11.3.0.202008311133/tools/bin/../lib/gcc/arm-none-eabi/9.3.1/../../../../arm-none-eabi/lib/thumb/v7e-m+fp/hard\libcr_c.a(__init_alloc.o)
                0x20200af4                __heaps
 .bss.errno     0x20200af8        0x4 c:/nxp/mcuxpressoide_11.3.0_5222/ide/plugins/com.nxp.mcuxpresso.tools.win32_11.3.0.202008311133/tools/bin/../lib/gcc/arm-none-eabi/9.3.1/../../../../arm-none-eabi/lib/thumb/v7e-m+fp/hard\libcr_c.a(errno.o)
                0x20200af8                errno
 .bss.__Ciob    0x20200afc       0xb4 c:/nxp/mcuxpressoide_11.3.0_5222/ide/plugins/com.nxp.mcuxpresso.tools.win32_11.3.0.202008311133/tools/bin/../lib/gcc/arm-none-eabi/9.3.1/../../../../arm-none-eabi/lib/thumb/v7e-m+fp/hard\libcr_nohost_nf.a(__ciob.o)
                0x20200afc                __Ciob
 .bss.txIndex   0x20200bb0        0x2 ./source/app.o
                0x20200bb0                txIndex
 .bss.rxIndex   0x20200bb2        0x2 ./source/app.o
                0x20200bb2                rxIndex
 .bss.storeIndex
                0x20200bb4        0x2 ./source/app.o
                0x20200bb4                storeIndex
 *(SORT_BY_ALIGNMENT(COMMON))
                0x20200bb8                . = ALIGN (0x4)
 *fill*         0x20200bb6        0x2 
                0x20200bb8                _ebss = .
                [!provide]                PROVIDE (__end_bss_RAM = .)
                [!provide]                PROVIDE (__end_bss_SRAM_OC = .)
                [!provide]                PROVIDE (end = .)

.noinit_RAM2    0x20210000        0x0
                [!provide]                PROVIDE (__start_noinit_RAM2 = .)
                [!provide]                PROVIDE (__start_noinit_NCACHE_REGION = .)
 *(SORT_BY_ALIGNMENT(.noinit.$RAM2))
 *(SORT_BY_ALIGNMENT(.noinit.$NCACHE_REGION))
 *(SORT_BY_ALIGNMENT(.noinit.$RAM2.*))
 *(SORT_BY_ALIGNMENT(.noinit.$NCACHE_REGION.*))
                0x20210000                . = ALIGN (0x4)
                [!provide]                PROVIDE (__end_noinit_RAM2 = .)
                [!provide]                PROVIDE (__end_noinit_NCACHE_REGION = .)

.noinit_RAM3    0x200017d0        0x0
                [!provide]                PROVIDE (__start_noinit_RAM3 = .)
                [!provide]                PROVIDE (__start_noinit_SRAM_DTC = .)
 *(SORT_BY_ALIGNMENT(.noinit.$RAM3))
 *(SORT_BY_ALIGNMENT(.noinit.$SRAM_DTC))
 *(SORT_BY_ALIGNMENT(.noinit.$RAM3.*))
 *(SORT_BY_ALIGNMENT(.noinit.$SRAM_DTC.*))
                0x200017d0                . = ALIGN (0x4)
                [!provide]                PROVIDE (__end_noinit_RAM3 = .)
                [!provide]                PROVIDE (__end_noinit_SRAM_DTC = .)

.noinit_RAM4    0x00000000        0x0
                [!provide]                PROVIDE (__start_noinit_RAM4 = .)
                [!provide]                PROVIDE (__start_noinit_SRAM_ITC = .)
 *(SORT_BY_ALIGNMENT(.noinit.$RAM4))
 *(SORT_BY_ALIGNMENT(.noinit.$SRAM_ITC))
 *(SORT_BY_ALIGNMENT(.noinit.$RAM4.*))
 *(SORT_BY_ALIGNMENT(.noinit.$SRAM_ITC.*))
                0x00000000                . = ALIGN (0x4)
                [!provide]                PROVIDE (__end_noinit_RAM4 = .)
                [!provide]                PROVIDE (__end_noinit_SRAM_ITC = .)

.noinit         0x20200bb8        0x0
                0x20200bb8                _noinit = .
                [!provide]                PROVIDE (__start_noinit_RAM = .)
                [!provide]                PROVIDE (__start_noinit_SRAM_OC = .)
 *(SORT_BY_ALIGNMENT(.noinit*))
                0x20200bb8                . = ALIGN (0x4)
                0x20200bb8                _end_noinit = .
                [!provide]                PROVIDE (__end_noinit_RAM = .)
                [!provide]                PROVIDE (__end_noinit_SRAM_OC = .)
                0x00002000                _HeapSize = 0x2000

.heap           0x200017d0     0x2000
                0x200017d0                _pvHeapStart = .
                0x200037d0                . = (. + _HeapSize)
 *fill*         0x200017d0     0x2000 
                0x200037d0                . = ALIGN (0x4)
                0x200037d0                _pvHeapLimit = .
                0x00002000                _StackSize = 0x2000

.heap2stackfill
                0x200037d0     0x2000
                0x200057d0                . = (. + _StackSize)
 *fill*         0x200037d0     0x2000 

.stack          0x20006000        0x0
                0x20006000                _vStackBase = .
                0x20006000                . = ALIGN (0x4)
                0x20008000                _vStackTop = (. + _StackSize)
                0x60002000                _image_start = LOADADDR (.text)
                0x6000ec1c                _image_end = (LOADADDR (.data) + SIZEOF (.data))
                0x0000cc1c                _image_size = (_image_end - _image_start)
OUTPUT(evkmimxrt1010_host_hid_mouse_keyboard_bm__.axf elf32-littlearm)
LOAD linker stubs

.debug_info     0x00000000    0x1f6d2
 .debug_info    0x00000000      0x812 ./xip/evkmimxrt1010_flexspi_nor_config.o
 .debug_info    0x00000812      0x5fb ./xip/fsl_flexspi_nor_boot.o
 .debug_info    0x00000e0d      0x135 ./utilities/fsl_assert.o
 .debug_info    0x00000f42      0xc72 ./utilities/fsl_debug_console.o
 .debug_info    0x00001bb4      0x898 ./usb/phy/usb_phy.o
 .debug_info    0x0000244c     0x11db ./usb/host/class/usb_host_hid.o
 .debug_info    0x00003627     0x1107 ./usb/host/class/usb_host_hub.o
 .debug_info    0x0000472e     0x19c3 ./usb/host/class/usb_host_hub_app.o
 .debug_info    0x000060f1     0x1bf5 ./usb/host/usb_host_devices.o
 .debug_info    0x00007ce6     0x2ada ./usb/host/usb_host_ehci.o
 .debug_info    0x0000a7c0     0x1273 ./usb/host/usb_host_framework.o
 .debug_info    0x0000ba33     0x198a ./usb/host/usb_host_hci.o
 .debug_info    0x0000d3bd      0x867 ./startup/startup_mimxrt1011.o
 .debug_info    0x0000dc24     0x232f ./source/app.o
 .debug_info    0x0000ff53      0xf0b ./source/host_keyboard.o
 .debug_info    0x00010e5e      0xd91 ./source/host_mouse.o
 .debug_info    0x00011bef       0x3c ./source/semihost_hardfault.o
 .debug_info    0x00011c2b     0x206e ./drivers/fsl_clock.o
 .debug_info    0x00013c99     0x2629 ./drivers/fsl_edma.o
 .debug_info    0x000162c2     0x1e5e ./drivers/fsl_flexspi.o
 .debug_info    0x00018120     0x2007 ./drivers/fsl_lpuart.o
 .debug_info    0x0001a127      0xc86 ./device/system_MIMXRT1011.o
 .debug_info    0x0001adad      0xab8 ./component/uart/fsl_adapter_lpuart.o
 .debug_info    0x0001b865     0x102c ./component/osa/fsl_os_abstraction_bm.o
 .debug_info    0x0001c891     0x12b3 ./board/board.o
 .debug_info    0x0001db44     0x14de ./board/clock_config.o
 .debug_info    0x0001f022      0x6b0 ./board/pin_mux.o

.debug_abbrev   0x00000000     0x3de6
 .debug_abbrev  0x00000000      0x14c ./xip/evkmimxrt1010_flexspi_nor_config.o
 .debug_abbrev  0x0000014c      0x13f ./xip/fsl_flexspi_nor_boot.o
 .debug_abbrev  0x0000028b       0xb7 ./utilities/fsl_assert.o
 .debug_abbrev  0x00000342      0x25d ./utilities/fsl_debug_console.o
 .debug_abbrev  0x0000059f      0x1bf ./usb/phy/usb_phy.o
 .debug_abbrev  0x0000075e      0x25f ./usb/host/class/usb_host_hid.o
 .debug_abbrev  0x000009bd      0x229 ./usb/host/class/usb_host_hub.o
 .debug_abbrev  0x00000be6      0x29b ./usb/host/class/usb_host_hub_app.o
 .debug_abbrev  0x00000e81      0x296 ./usb/host/usb_host_devices.o
 .debug_abbrev  0x00001117      0x32d ./usb/host/usb_host_ehci.o
 .debug_abbrev  0x00001444      0x1e4 ./usb/host/usb_host_framework.o
 .debug_abbrev  0x00001628      0x2fa ./usb/host/usb_host_hci.o
 .debug_abbrev  0x00001922      0x147 ./startup/startup_mimxrt1011.o
 .debug_abbrev  0x00001a69      0x3be ./source/app.o
 .debug_abbrev  0x00001e27      0x25e ./source/host_keyboard.o
 .debug_abbrev  0x00002085      0x204 ./source/host_mouse.o
 .debug_abbrev  0x00002289       0x31 ./source/semihost_hardfault.o
 .debug_abbrev  0x000022ba      0x30a ./drivers/fsl_clock.o
 .debug_abbrev  0x000025c4      0x40e ./drivers/fsl_edma.o
 .debug_abbrev  0x000029d2      0x347 ./drivers/fsl_flexspi.o
 .debug_abbrev  0x00002d19      0x356 ./drivers/fsl_lpuart.o
 .debug_abbrev  0x0000306f      0x1be ./device/system_MIMXRT1011.o
 .debug_abbrev  0x0000322d      0x1c3 ./component/uart/fsl_adapter_lpuart.o
 .debug_abbrev  0x000033f0      0x374 ./component/osa/fsl_os_abstraction_bm.o
 .debug_abbrev  0x00003764      0x2e2 ./board/board.o
 .debug_abbrev  0x00003a46      0x218 ./board/clock_config.o
 .debug_abbrev  0x00003c5e      0x188 ./board/pin_mux.o

.debug_aranges  0x00000000     0x12f0
 .debug_aranges
                0x00000000       0x18 ./xip/evkmimxrt1010_flexspi_nor_config.o
 .debug_aranges
                0x00000018       0x18 ./xip/fsl_flexspi_nor_boot.o
 .debug_aranges
                0x00000030       0x20 ./utilities/fsl_assert.o
 .debug_aranges
                0x00000050       0x70 ./utilities/fsl_debug_console.o
 .debug_aranges
                0x000000c0       0x40 ./usb/phy/usb_phy.o
 .debug_aranges
                0x00000100       0xb0 ./usb/host/class/usb_host_hid.o
 .debug_aranges
                0x000001b0       0x90 ./usb/host/class/usb_host_hub.o
 .debug_aranges
                0x00000240       0x88 ./usb/host/class/usb_host_hub_app.o
 .debug_aranges
                0x000002c8       0xa8 ./usb/host/usb_host_devices.o
 .debug_aranges
                0x00000370      0x168 ./usb/host/usb_host_ehci.o
 .debug_aranges
                0x000004d8       0x60 ./usb/host/usb_host_framework.o
 .debug_aranges
                0x00000538       0x98 ./usb/host/usb_host_hci.o
 .debug_aranges
                0x000005d0      0x300 ./startup/startup_mimxrt1011.o
 .debug_aranges
                0x000008d0       0xe8 ./source/app.o
 .debug_aranges
                0x000009b8       0x58 ./source/host_keyboard.o
 .debug_aranges
                0x00000a10       0x40 ./source/host_mouse.o
 .debug_aranges
                0x00000a50       0x20 ./source/semihost_hardfault.o
 .debug_aranges
                0x00000a70      0x160 ./drivers/fsl_clock.o
 .debug_aranges
                0x00000bd0      0x200 ./drivers/fsl_edma.o
 .debug_aranges
                0x00000dd0       0xf8 ./drivers/fsl_flexspi.o
 .debug_aranges
                0x00000ec8      0x160 ./drivers/fsl_lpuart.o
 .debug_aranges
                0x00001028       0x30 ./device/system_MIMXRT1011.o
 .debug_aranges
                0x00001058       0x50 ./component/uart/fsl_adapter_lpuart.o
 .debug_aranges
                0x000010a8      0x130 ./component/osa/fsl_os_abstraction_bm.o
 .debug_aranges
                0x000011d8       0x60 ./board/board.o
 .debug_aranges
                0x00001238       0x70 ./board/clock_config.o
 .debug_aranges