usb_host_ehci.c:986:17:USB_HostBandwidthComputeTime	24	static
usb_host_ehci.c:1049:13:USB_HostBandwidthFslsHostComputeCurrent	32	static
usb_host_ehci.c:1078:13:USB_HostBandwidthHsHostComputeCurrentFsls	40	static
usb_host_ehci.c:1151:13:USB_HostBandwidthHsHostComputeCurrentHsAll	40	static
usb_host_ehci.c:1247:21:USB_HostBandwidthHsHostAllocateHsCommon	48	static
usb_host_ehci.c:1534:21:USB_HostBandwidthHsHostAllocateInterrupt	64	static
usb_host_ehci.c:1706:21:USB_HostBandwidthFslsHostAllocate	40	static
usb_host_ehci.c:1757:16:USB_HostEhciGet2PowerValue	16	static
usb_host_ehci.c:1803:13:USB_HostEhciZeroMem	16	static
usb_host_ehci.c:1814:13:USB_HostEhciDelay	32	static
usb_host_ehci.c:1830:13:USB_HostEhciStartAsync	24	static
usb_host_ehci.c:1851:13:USB_HostEhciStopAsync	24	static
usb_host_ehci.c:1868:13:USB_HostEhciStartPeriodic	24	static
usb_host_ehci.c:1892:13:USB_HostEhciStopPeriodic	24	static
usb_host_ehci.c:1909:21:USB_HostEhciQhQtdListInit	64	static
usb_host_ehci.c:2130:17:USB_HostEhciQtdListRelease	32	static
usb_host_ehci.c:2174:21:USB_HostEhciQhQtdListDeinit	40	static
usb_host_ehci.c:2235:21:USB_HostEhciTransferQtdListDeinit	48	static
usb_host_ehci.c:2339:21:USB_HostEhciQhInit	48	static
usb_host_ehci.c:2444:21:USB_HostEhciQhDeinit	24	static
usb_host_ehci.c:2461:13:USB_HostEhciAddQhToFrame	40	static
usb_host_ehci.c:2504:13:USB_HostEhciRemoveFromFrame	40	static
usb_host_ehci.c:3156:21:USB_HostEhciOpenControlBulk	24	static
usb_host_ehci.c:3175:21:USB_HostEhciCloseControlBulk	32	static
usb_host_ehci.c:3225:21:USB_HostEhciOpenInterrupt	32	static
usb_host_ehci.c:3263:21:USB_HostEhciCloseInterrupt	24	static
usb_host_ehci.c:3356:21:USB_HostEhciResetIP	16	static
usb_host_ehci.c:3382:21:USB_HostEhciStartIP	24	static
usb_host_ehci.c:3434:21:USB_HostEhciCancelPipe	32	static
usb_host_ehci.c:3516:21:USB_HostEhciControlBus	24	static
usb_host_ehci.c:3603:6:USB_HostEhciTransactionDone	56	static
usb_host_ehci.c:3875:13:USB_HostEhciPortChange	32	static
usb_host_ehci.c:3976:13:USB_HostEhciTimer0	48	static
usb_host_ehci.c:4181:14:USB_HostEhciCreate	56	static
usb_host_ehci.c:4399:14:USB_HostEhciDestory	24	static
usb_host_ehci.c:4434:14:USB_HostEhciOpenPipe	48	static
usb_host_ehci.c:4558:14:USB_HostEhciClosePipe	40	static
usb_host_ehci.c:4627:14:USB_HostEhciWritePipe	40	static
usb_host_ehci.c:4677:14:USB_HostEhciReadpipe	24	static
usb_host_ehci.c:4684:14:USB_HostEhciIoctl	56	static
usb_host_ehci.c:4757:6:USB_HostEhciTaskFunction	40	static
usb_host_ehci.c:4825:6:USB_HostEhciIsrFunction	24	static
