usb_host_devices.c:186:13:USB_HostEnumerationTransferCallback	40	static
usb_host_devices.c:300:21:USB_HostProcessState	40	static
usb_host_devices.c:400:21:USB_HostProcessCallback	40	static
usb_host_devices.c:541:21:USB_HostNotifyDevice	40	static
usb_host_devices.c:613:16:USB_HostAllocateDeviceAddress	24	static
usb_host_devices.c:640:13:USB_HostReleaseDeviceAddress	16	static
usb_host_devices.c:648:21:USB_HostRemoveDeviceInstance	32	static
usb_host_devices.c:684:13:USB_HostReleaseDeviceResource	24	static
usb_host_devices.c:755:21:USB_HostParseDeviceConfigurationDescriptor	48	static
usb_host_devices.c:999:14:USB_HostAttachDevice	48	static
usb_host_devices.c:1167:14:USB_HostDetachDevice	24	static
usb_host_devices.c:1200:14:USB_HostDetachDeviceInternal	24	static
usb_host_devices.c:1236:9:USB_HostGetDeviceAttachState	16	static
usb_host_devices.c:1241:14:USB_HostValidateDevice	24	static
usb_host_devices.c:1263:21:USB_HostControlBus	24	static
usb_host_devices.c:1279:14:USB_HostOpenDeviceInterface	32	static
usb_host_devices.c:1329:14:USB_HostCloseDeviceInterface	32	static
usb_host_devices.c:1412:14:USB_HostRemoveDevice	32	static
